//
// AUTO-GENERATED FILE. DO NOT MODIFY.
//
// This class was automatically generated by Apollo GraphQL version '$VERSION'.
//
package com.example.inline_fragment_simple.type

import com.apollographql.apollo.api.CustomScalarType

/**
 * The `Float` scalar type represents signed double-precision fractional values as specified by
 * [IEEE 754](http://en.wikipedia.org/wiki/IEEE_floating_point).
 */
public class GraphQLFloat {
  public companion object {
    public val type: CustomScalarType = CustomScalarType("Float", "kotlin.Double")
  }
}
