{
    "typeToFieldsToArguments": {
        "Character": {
        },
        "String": {
        },
        "Date": {
        },
        "Query": {
        }
    }
}