//
// AUTO-GENERATED FILE. DO NOT MODIFY.
//
// This class was automatically generated by Apollo GraphQL version '$VERSION'.
//
package com.example.inline_fragment_merge_fields

import com.apollographql.apollo.annotations.ApolloAdaptableWith
import com.apollographql.apollo.api.Adapter
import com.apollographql.apollo.api.CompiledField
import com.apollographql.apollo.api.CustomScalarAdapters
import com.apollographql.apollo.api.Query
import com.apollographql.apollo.api.json.JsonWriter
import com.apollographql.apollo.api.obj
import com.example.inline_fragment_merge_fields.adapter.TestQuery_ResponseAdapter
import com.example.inline_fragment_merge_fields.selections.TestQuerySelections
import kotlin.Any
import kotlin.Boolean
import kotlin.Int
import kotlin.String
import kotlin.collections.List
import com.example.inline_fragment_merge_fields.type.Query as CompiledQuery

public class TestQuery() : Query<TestQuery.Data> {
  override fun equals(other: Any?): Boolean = other != null && other::class == this::class

  override fun hashCode(): Int = this::class.hashCode()

  override fun id(): String = OPERATION_ID

  override fun document(): String = OPERATION_DOCUMENT

  override fun name(): String = OPERATION_NAME

  override fun serializeVariables(
    writer: JsonWriter,
    customScalarAdapters: CustomScalarAdapters,
    withDefaultValues: Boolean,
  ) {
    // This operation doesn't have any variable
  }

  override fun adapter(): Adapter<Data> = TestQuery_ResponseAdapter.Data.obj()

  override fun rootField(): CompiledField = CompiledField.Builder(
    name = "data",
    type = CompiledQuery.type
  )
  .selections(selections = TestQuerySelections.__root)
  .build()

  @ApolloAdaptableWith(TestQuery_ResponseAdapter.Data::class)
  public data class Data(
    public val hero: Hero?,
  ) : Query.Data {
    public data class Hero(
      public val __typename: String,
      /**
       * The name of the character
       */
      public val name: String,
      /**
       * The friends of the character exposed as a connection with edges
       */
      public val friendsConnection: FriendsConnection,
      /**
       * Synthetic field for inline fragment on Character
       */
      public val onCharacter: OnCharacter,
    ) {
      public data class FriendsConnection(
        /**
         * The edges for each of the character's friends.
         */
        public val edges: List<Edge?>?,
      ) {
        public fun edgesFilterNotNull(): List<Edge>? = edges?.filterNotNull()

        public data class Edge(
          /**
           * The character represented by this friendship edge
           */
          public val node: Node?,
        ) {
          public data class Node(
            /**
             * The name of the character
             */
            public val name: String,
          )
        }
      }

      public data class OnCharacter(
        /**
         * The name of the character
         */
        public val name: String,
        /**
         * Profile link
         */
        public val profileLink: Any,
        /**
         * The friends of the character exposed as a connection with edges
         */
        public val friendsConnection: FriendsConnection,
      ) {
        public data class FriendsConnection(
          /**
           * The edges for each of the character's friends.
           */
          public val edges: List<Edge?>?,
        ) {
          public fun edgesFilterNotNull(): List<Edge>? = edges?.filterNotNull()

          public data class Edge(
            /**
             * The character represented by this friendship edge
             */
            public val node: Node?,
          ) {
            public data class Node(
              /**
               * The name of the character
               */
              public val name: String,
            )
          }
        }
      }
    }
  }

  public companion object {
    public const val OPERATION_ID: String =
        "516a2d4b3fe97536486d2d559538aab9949d7c7e0de7081caec02439a0cb3969"

    /**
     * The minimized GraphQL document being sent to the server to save a few bytes.
     * The un-minimized version is:
     *
     * ```
     * query TestQuery {
     *   hero {
     *     __typename
     *     name
     *     friendsConnection {
     *       edges {
     *         node {
     *           name
     *         }
     *       }
     *     }
     *     ... on Character {
     *       name
     *       profileLink
     *       friendsConnection {
     *         edges {
     *           node {
     *             name
     *           }
     *         }
     *       }
     *     }
     *   }
     * }
     * ```
     */
    public val OPERATION_DOCUMENT: String
      get() = "query TestQuery { hero { __typename name friendsConnection { edges { node { name } } } ... on Character { name profileLink friendsConnection { edges { node { name } } } } } }"

    public const val OPERATION_NAME: String = "TestQuery"
  }
}
