//
// AUTO-GENERATED FILE. DO NOT MODIFY.
//
// This class was automatically generated by Apollo GraphQL version '$VERSION'.
//
package com.example.antlr_tokens.adapter

import com.apollographql.apollo.api.Adapter
import com.apollographql.apollo.api.CustomScalarAdapters
import com.apollographql.apollo.api.NullableStringAdapter
import com.apollographql.apollo.api.json.JsonReader
import com.apollographql.apollo.api.json.JsonWriter
import com.apollographql.apollo.api.nullable
import com.apollographql.apollo.api.obj
import com.example.antlr_tokens.TestQuery
import kotlin.String
import kotlin.collections.List

public object TestQuery_ResponseAdapter {
  public object Data : Adapter<TestQuery.Data> {
    public val RESPONSE_NAMES: List<String> = listOf("typeWithGraphQLKeywords")

    override fun fromJson(reader: JsonReader, customScalarAdapters: CustomScalarAdapters): TestQuery.Data {
      var _typeWithGraphQLKeywords: TestQuery.Data.TypeWithGraphQLKeywords? = null

      while (true) {
        when (reader.selectName(RESPONSE_NAMES)) {
          0 -> _typeWithGraphQLKeywords = TypeWithGraphQLKeywords.obj().nullable().fromJson(reader, customScalarAdapters)
          else -> break
        }
      }

      return TestQuery.Data(
        typeWithGraphQLKeywords = _typeWithGraphQLKeywords
      )
    }

    override fun toJson(
      writer: JsonWriter,
      customScalarAdapters: CustomScalarAdapters,
      `value`: TestQuery.Data,
    ) {
      writer.name("typeWithGraphQLKeywords")
      TypeWithGraphQLKeywords.obj().nullable().toJson(writer, customScalarAdapters, value.typeWithGraphQLKeywords)
    }

    private object TypeWithGraphQLKeywords : Adapter<TestQuery.Data.TypeWithGraphQLKeywords> {
      public val RESPONSE_NAMES: List<String> = listOf("on", "null", "alias")

      override fun fromJson(reader: JsonReader, customScalarAdapters: CustomScalarAdapters): TestQuery.Data.TypeWithGraphQLKeywords {
        var _on: String? = null
        var _null: String? = null
        var _alias: String? = null

        while (true) {
          when (reader.selectName(RESPONSE_NAMES)) {
            0 -> _on = NullableStringAdapter.fromJson(reader, customScalarAdapters)
            1 -> _null = NullableStringAdapter.fromJson(reader, customScalarAdapters)
            2 -> _alias = NullableStringAdapter.fromJson(reader, customScalarAdapters)
            else -> break
          }
        }

        return TestQuery.Data.TypeWithGraphQLKeywords(
          on = _on,
          `null` = _null,
          alias = _alias
        )
      }

      override fun toJson(
        writer: JsonWriter,
        customScalarAdapters: CustomScalarAdapters,
        `value`: TestQuery.Data.TypeWithGraphQLKeywords,
      ) {
        writer.name("on")
        NullableStringAdapter.toJson(writer, customScalarAdapters, value.on)

        writer.name("null")
        NullableStringAdapter.toJson(writer, customScalarAdapters, value.`null`)

        writer.name("alias")
        NullableStringAdapter.toJson(writer, customScalarAdapters, value.alias)
      }
    }
  }
}
