//
// AUTO-GENERATED FILE. DO NOT MODIFY.
//
// This class was automatically generated by Apollo GraphQL version '$VERSION'.
//
package com.example.fragment_with_multiple_fieldsets.adapter

import com.apollographql.apollo3.api.Adapter
import com.apollographql.apollo3.api.CustomScalarAdapters
import com.apollographql.apollo3.api.StringAdapter
import com.apollographql.apollo3.api.json.JsonReader
import com.apollographql.apollo3.api.json.JsonWriter
import com.apollographql.apollo3.api.nullable
import com.apollographql.apollo3.api.obj
import com.example.fragment_with_multiple_fieldsets.TestQuery
import kotlin.String
import kotlin.Unit
import kotlin.collections.List

public object TestQuery_ResponseAdapter {
  public object Data : Adapter<TestQuery.Data> {
    public val RESPONSE_NAMES: List<String> = listOf("i")

    public override fun fromJson(reader: JsonReader, customScalarAdapters: CustomScalarAdapters):
        TestQuery.Data {
      var _i: TestQuery.I? = null

      while(true) {
        when (reader.selectName(RESPONSE_NAMES)) {
          0 -> _i = I.obj(true).nullable().fromJson(reader, customScalarAdapters)
          else -> break
        }
      }

      return TestQuery.Data(
        i = _i
      )
    }

    public override fun toJson(
      writer: JsonWriter,
      customScalarAdapters: CustomScalarAdapters,
      `value`: TestQuery.Data,
    ): Unit {
      writer.name("i")
      I.obj(true).nullable().toJson(writer, customScalarAdapters, value.i)
    }
  }

  public object I : Adapter<TestQuery.I> {
    public val RESPONSE_NAMES: List<String> = listOf("__typename")

    public override fun fromJson(reader: JsonReader, customScalarAdapters: CustomScalarAdapters):
        TestQuery.I {
      var __typename: String? = null

      while(true) {
        when (reader.selectName(RESPONSE_NAMES)) {
          0 -> __typename = StringAdapter.fromJson(reader, customScalarAdapters)
          else -> break
        }
      }

      reader.rewind()
      val _fragments = com.example.fragment_with_multiple_fieldsets.adapter.TestQuery_ResponseAdapter.I.Fragments.fromJson(reader,
          customScalarAdapters)

      return TestQuery.I(
        __typename = __typename!!,
        fragments = _fragments
      )
    }

    public override fun toJson(
      writer: JsonWriter,
      customScalarAdapters: CustomScalarAdapters,
      `value`: TestQuery.I,
    ): Unit {
      writer.name("__typename")
      StringAdapter.toJson(writer, customScalarAdapters, value.__typename)

      com.example.fragment_with_multiple_fieldsets.adapter.TestQuery_ResponseAdapter.I.Fragments.toJson(writer,
          customScalarAdapters, value.fragments)
    }

    private object Fragments : Adapter<TestQuery.I.Fragments> {
      public override fun fromJson(reader: JsonReader, customScalarAdapters: CustomScalarAdapters):
          TestQuery.I.Fragments {


        reader.rewind()
        val _iFragment = com.example.fragment_with_multiple_fieldsets.fragment.IFragmentImpl_ResponseAdapter.IFragment.fromJson(reader,
            customScalarAdapters)

        return TestQuery.I.Fragments(
          iFragment = _iFragment
        )
      }

      public override fun toJson(
        writer: JsonWriter,
        customScalarAdapters: CustomScalarAdapters,
        `value`: TestQuery.I.Fragments,
      ): Unit {
        com.example.fragment_with_multiple_fieldsets.fragment.IFragmentImpl_ResponseAdapter.IFragment.toJson(writer,
            customScalarAdapters, value.iFragment)
      }
    }
  }
}
