//
// AUTO-GENERATED FILE. DO NOT MODIFY.
//
// This class was automatically generated by Apollo GraphQL version '$VERSION'.
//
package com.example.list_field_clash.type;

import com.apollographql.apollo.api.ObjectType;

public class PropertyAmenityCategory {
  public static ObjectType type = (new ObjectType.Builder("PropertyAmenityCategory")).build();
}
