//
// AUTO-GENERATED FILE. DO NOT MODIFY.
//
// This class was automatically generated by Apollo GraphQL version '$VERSION'.
//
package com.example.multiple_fragments.type

import com.apollographql.apollo3.api.ObjectType

public class Query {
  public companion object {
    public val type: ObjectType = ObjectType.Builder(name = "Query").build()
  }
}
