//
// AUTO-GENERATED FILE. DO NOT MODIFY.
//
// This class was automatically generated by Apollo GraphQL version '$VERSION'.
//
package com.example.named_fragment_delegate

import com.apollographql.apollo.annotations.ApolloAdaptableWith
import com.apollographql.apollo.api.Adapter
import com.apollographql.apollo.api.CompiledField
import com.apollographql.apollo.api.CustomScalarAdapters
import com.apollographql.apollo.api.Query
import com.apollographql.apollo.api.json.JsonWriter
import com.apollographql.apollo.api.obj
import com.example.named_fragment_delegate.adapter.TestQuery_ResponseAdapter
import com.example.named_fragment_delegate.fragment.DroidDetails
import com.example.named_fragment_delegate.fragment.HumanDetails
import com.example.named_fragment_delegate.selections.TestQuerySelections
import kotlin.Any
import kotlin.Boolean
import kotlin.Int
import kotlin.String
import com.example.named_fragment_delegate.type.Query as CompiledQuery

public class TestQuery() : Query<TestQuery.Data> {
  override fun equals(other: Any?): Boolean = other != null && other::class == this::class

  override fun hashCode(): Int = this::class.hashCode()

  override fun id(): String = OPERATION_ID

  override fun document(): String = OPERATION_DOCUMENT

  override fun name(): String = OPERATION_NAME

  override fun serializeVariables(
    writer: JsonWriter,
    customScalarAdapters: CustomScalarAdapters,
    withDefaultValues: Boolean,
  ) {
    // This operation doesn't have any variable
  }

  override fun adapter(): Adapter<Data> = TestQuery_ResponseAdapter.Data.obj()

  override fun rootField(): CompiledField = CompiledField.Builder(
    name = "data",
    type = CompiledQuery.type
  )
  .selections(selections = TestQuerySelections.__root)
  .build()

  @ApolloAdaptableWith(TestQuery_ResponseAdapter.Data::class)
  public data class Data(
    public val hero: Hero?,
  ) : Query.Data {
    public data class Hero(
      public val __typename: String,
      /**
       * Synthetic field for 'DroidDetails'
       */
      public val droidDetails: DroidDetails?,
      /**
       * Synthetic field for 'HumanDetails'
       */
      public val humanDetails: HumanDetails?,
    )
  }

  public companion object {
    public const val OPERATION_ID: String =
        "73b2c830dc5cf246957890f00500cb83e254c050a6e6ad3ab8e6d9e4e26dbd60"

    /**
     * The minimized GraphQL document being sent to the server to save a few bytes.
     * The un-minimized version is:
     *
     * ```
     * query TestQuery {
     *   hero {
     *     __typename
     *     ...DroidDetails
     *     ...HumanDetails
     *   }
     * }
     *
     * fragment DroidDetails on Droid {
     *   name
     *   primaryFunction
     *   friends {
     *     name
     *   }
     * }
     *
     * fragment HumanDetails on Human {
     *   name
     *   profileLink
     *   friendsConnection {
     *     edges {
     *       node {
     *         name
     *       }
     *     }
     *   }
     * }
     * ```
     */
    public val OPERATION_DOCUMENT: String
      get() = "query TestQuery { hero { __typename ...DroidDetails ...HumanDetails } }  fragment DroidDetails on Droid { name primaryFunction friends { name } }  fragment HumanDetails on Human { name profileLink friendsConnection { edges { node { name } } } }"

    public const val OPERATION_NAME: String = "TestQuery"
  }
}
