//
// AUTO-GENERATED FILE. DO NOT MODIFY.
//
// This class was automatically generated by Apollo GraphQL version '$VERSION'.
//
package com.example.field_with_include_directive.adapter

import com.apollographql.apollo.api.Adapter
import com.apollographql.apollo.api.CustomScalarAdapters
import com.apollographql.apollo.api.NullableIntAdapter
import com.apollographql.apollo.api.NullableStringAdapter
import com.apollographql.apollo.api.json.JsonReader
import com.apollographql.apollo.api.json.JsonWriter
import com.apollographql.apollo.api.nullable
import com.apollographql.apollo.api.obj
import com.example.field_with_include_directive.TestQuery
import kotlin.Int
import kotlin.String
import kotlin.collections.List

public object TestQuery_ResponseAdapter {
  public object Data : Adapter<TestQuery.Data> {
    public val RESPONSE_NAMES: List<String> = listOf("hero")

    override fun fromJson(reader: JsonReader, customScalarAdapters: CustomScalarAdapters): TestQuery.Data {
      var _hero: TestQuery.Data.Hero? = null

      while (true) {
        when (reader.selectName(RESPONSE_NAMES)) {
          0 -> _hero = Hero.obj().nullable().fromJson(reader, customScalarAdapters)
          else -> break
        }
      }

      return TestQuery.Data(
        hero = _hero
      )
    }

    override fun toJson(
      writer: JsonWriter,
      customScalarAdapters: CustomScalarAdapters,
      `value`: TestQuery.Data,
    ) {
      writer.name("hero")
      Hero.obj().nullable().toJson(writer, customScalarAdapters, value.hero)
    }

    private object Hero : Adapter<TestQuery.Data.Hero> {
      public val RESPONSE_NAMES: List<String> = listOf("name", "friendsConnection")

      override fun fromJson(reader: JsonReader, customScalarAdapters: CustomScalarAdapters): TestQuery.Data.Hero {
        var _name: String? = null
        var _friendsConnection: TestQuery.Data.Hero.FriendsConnection? = null

        while (true) {
          when (reader.selectName(RESPONSE_NAMES)) {
            0 -> _name = NullableStringAdapter.fromJson(reader, customScalarAdapters)
            1 -> _friendsConnection = FriendsConnection.obj().nullable().fromJson(reader, customScalarAdapters)
            else -> break
          }
        }

        return TestQuery.Data.Hero(
          name = _name,
          friendsConnection = _friendsConnection
        )
      }

      override fun toJson(
        writer: JsonWriter,
        customScalarAdapters: CustomScalarAdapters,
        `value`: TestQuery.Data.Hero,
      ) {
        writer.name("name")
        NullableStringAdapter.toJson(writer, customScalarAdapters, value.name)

        writer.name("friendsConnection")
        FriendsConnection.obj().nullable().toJson(writer, customScalarAdapters, value.friendsConnection)
      }

      private object FriendsConnection : Adapter<TestQuery.Data.Hero.FriendsConnection> {
        public val RESPONSE_NAMES: List<String> = listOf("totalCount")

        override fun fromJson(reader: JsonReader, customScalarAdapters: CustomScalarAdapters): TestQuery.Data.Hero.FriendsConnection {
          var _totalCount: Int? = null

          while (true) {
            when (reader.selectName(RESPONSE_NAMES)) {
              0 -> _totalCount = NullableIntAdapter.fromJson(reader, customScalarAdapters)
              else -> break
            }
          }

          return TestQuery.Data.Hero.FriendsConnection(
            totalCount = _totalCount
          )
        }

        override fun toJson(
          writer: JsonWriter,
          customScalarAdapters: CustomScalarAdapters,
          `value`: TestQuery.Data.Hero.FriendsConnection,
        ) {
          writer.name("totalCount")
          NullableIntAdapter.toJson(writer, customScalarAdapters, value.totalCount)
        }
      }
    }
  }
}
