//
// AUTO-GENERATED FILE. DO NOT MODIFY.
//
// This class was automatically generated by Apollo GraphQL version '$VERSION'.
//
package com.example.inline_fragment_inside_inline_fragment;

import com.apollographql.apollo.api.Adapter;
import com.apollographql.apollo.api.CompiledField;
import com.apollographql.apollo.api.CustomScalarAdapters;
import com.apollographql.apollo.api.ObjectAdapter;
import com.apollographql.apollo.api.Query;
import com.apollographql.apollo.api.json.JsonWriter;
import com.example.inline_fragment_inside_inline_fragment.adapter.TestQuery_ResponseAdapter;
import com.example.inline_fragment_inside_inline_fragment.selections.TestQuerySelections;
import java.io.IOException;
import java.lang.Object;
import java.lang.Override;
import java.lang.String;
import java.util.List;

public class TestQuery implements Query<TestQuery.Data> {
  public static final String OPERATION_ID = "4f32ea4bdd2a95a29bde61273602c22c698cd333f1701001d1a339fb276c6438";

  /**
   * The minimized GraphQL document being sent to the server to save a few bytes.
   * The un-minimized version is:
   *
   * query TestQuery {
   *   search(text: "bla-bla") {
   *     __typename
   *     ... on Character {
   *       __typename
   *       name
   *       ... on Human {
   *         homePlanet
   *       }
   *       ... on Droid {
   *         primaryFunction
   *       }
   *     }
   *   }
   * }
   */
  public static final String OPERATION_DOCUMENT = "query TestQuery { search(text: \"bla-bla\") { __typename ... on Character { __typename name ... on Human { homePlanet } ... on Droid { primaryFunction } } } }";

  public static final String OPERATION_NAME = "TestQuery";

  private transient volatile int $hashCode;

  private transient volatile boolean $hashCodeMemoized;

  private transient volatile String $toString;

  public TestQuery() {

  }

  @Override
  public boolean equals(Object o) {
    if (o == this) {
      return true;
    }
    if (o instanceof TestQuery) {
      return true;
    }
    return false;
  }

  @Override
  public int hashCode() {
    if (!$hashCodeMemoized) {
      int __h = 1;
      $hashCode = __h;
      $hashCodeMemoized = true;
    }
    return $hashCode;
  }

  @Override
  public String toString() {
    if ($toString == null) {
      $toString = "TestQuery{"
        + "}";
    }
    return $toString;
  }

  public static Builder builder() {
    return new Builder();
  }

  @Override
  public String id() {
    return OPERATION_ID;
  }

  @Override
  public String document() {
    return OPERATION_DOCUMENT;
  }

  @Override
  public String name() {
    return OPERATION_NAME;
  }

  @Override
  public void serializeVariables(JsonWriter writer, CustomScalarAdapters customScalarAdapters,
      boolean withDefaultValues) throws IOException {
    // This operation doesn't have any variable
  }

  @Override
  public Adapter<Data> adapter() {
    return new ObjectAdapter<Data>(TestQuery_ResponseAdapter.Data.INSTANCE, false);
  }

  @Override
  public CompiledField rootField() {
    return new CompiledField.Builder(
      "data",
      com.example.inline_fragment_inside_inline_fragment.type.Query.type
    )
    .selections(TestQuerySelections.__root)
    .build();
  }

  public static final class Builder {
    Builder() {
    }

    public TestQuery build() {
      return new TestQuery();
    }
  }

  public static class Data implements Query.Data {
    public List<Search> search;

    private transient volatile int $hashCode;

    private transient volatile boolean $hashCodeMemoized;

    private transient volatile String $toString;

    public Data(List<Search> search) {
      this.search = search;
    }

    @Override
    public boolean equals(Object o) {
      if (o == this) {
        return true;
      }
      if (o instanceof Data) {
        Data that = (Data) o;
        return ((this.search == null) ? (that.search == null) : this.search.equals(that.search));
      }
      return false;
    }

    @Override
    public int hashCode() {
      if (!$hashCodeMemoized) {
        int __h = 1;
        __h *= 1000003;
        __h ^= (search == null) ? 0 : search.hashCode();
        $hashCode = __h;
        $hashCodeMemoized = true;
      }
      return $hashCode;
    }

    @Override
    public String toString() {
      if ($toString == null) {
        $toString = "Data{"
          + "search=" + search
          + "}";
      }
      return $toString;
    }
  }

  public static class Search {
    public String __typename;

    /**
     * Synthetic field for inline fragment on Character
     */
    public OnCharacter onCharacter;

    private transient volatile int $hashCode;

    private transient volatile boolean $hashCodeMemoized;

    private transient volatile String $toString;

    public Search(String __typename, OnCharacter onCharacter) {
      this.__typename = __typename;
      this.onCharacter = onCharacter;
    }

    @Override
    public boolean equals(Object o) {
      if (o == this) {
        return true;
      }
      if (o instanceof Search) {
        Search that = (Search) o;
        return ((this.__typename == null) ? (that.__typename == null) : this.__typename.equals(that.__typename))
         &&((this.onCharacter == null) ? (that.onCharacter == null) : this.onCharacter.equals(that.onCharacter));
      }
      return false;
    }

    @Override
    public int hashCode() {
      if (!$hashCodeMemoized) {
        int __h = 1;
        __h *= 1000003;
        __h ^= (__typename == null) ? 0 : __typename.hashCode();
        __h *= 1000003;
        __h ^= (onCharacter == null) ? 0 : onCharacter.hashCode();
        $hashCode = __h;
        $hashCodeMemoized = true;
      }
      return $hashCode;
    }

    @Override
    public String toString() {
      if ($toString == null) {
        $toString = "Search{"
          + "__typename=" + __typename + ", "
          + "onCharacter=" + onCharacter
          + "}";
      }
      return $toString;
    }
  }

  public static class OnCharacter {
    public String __typename;

    /**
     * The name of the character
     */
    public String name;

    /**
     * Synthetic field for inline fragment on Human
     */
    public OnHuman onHuman;

    /**
     * Synthetic field for inline fragment on Droid
     */
    public OnDroid onDroid;

    private transient volatile int $hashCode;

    private transient volatile boolean $hashCodeMemoized;

    private transient volatile String $toString;

    public OnCharacter(String __typename, String name, OnHuman onHuman, OnDroid onDroid) {
      this.__typename = __typename;
      this.name = name;
      this.onHuman = onHuman;
      this.onDroid = onDroid;
    }

    @Override
    public boolean equals(Object o) {
      if (o == this) {
        return true;
      }
      if (o instanceof OnCharacter) {
        OnCharacter that = (OnCharacter) o;
        return ((this.__typename == null) ? (that.__typename == null) : this.__typename.equals(that.__typename))
         &&((this.name == null) ? (that.name == null) : this.name.equals(that.name))
         &&((this.onHuman == null) ? (that.onHuman == null) : this.onHuman.equals(that.onHuman))
         &&((this.onDroid == null) ? (that.onDroid == null) : this.onDroid.equals(that.onDroid));
      }
      return false;
    }

    @Override
    public int hashCode() {
      if (!$hashCodeMemoized) {
        int __h = 1;
        __h *= 1000003;
        __h ^= (__typename == null) ? 0 : __typename.hashCode();
        __h *= 1000003;
        __h ^= (name == null) ? 0 : name.hashCode();
        __h *= 1000003;
        __h ^= (onHuman == null) ? 0 : onHuman.hashCode();
        __h *= 1000003;
        __h ^= (onDroid == null) ? 0 : onDroid.hashCode();
        $hashCode = __h;
        $hashCodeMemoized = true;
      }
      return $hashCode;
    }

    @Override
    public String toString() {
      if ($toString == null) {
        $toString = "OnCharacter{"
          + "__typename=" + __typename + ", "
          + "name=" + name + ", "
          + "onHuman=" + onHuman + ", "
          + "onDroid=" + onDroid
          + "}";
      }
      return $toString;
    }
  }

  public static class OnHuman {
    /**
     * The home planet of the human, or null if unknown
     */
    public String homePlanet;

    private transient volatile int $hashCode;

    private transient volatile boolean $hashCodeMemoized;

    private transient volatile String $toString;

    public OnHuman(String homePlanet) {
      this.homePlanet = homePlanet;
    }

    @Override
    public boolean equals(Object o) {
      if (o == this) {
        return true;
      }
      if (o instanceof OnHuman) {
        OnHuman that = (OnHuman) o;
        return ((this.homePlanet == null) ? (that.homePlanet == null) : this.homePlanet.equals(that.homePlanet));
      }
      return false;
    }

    @Override
    public int hashCode() {
      if (!$hashCodeMemoized) {
        int __h = 1;
        __h *= 1000003;
        __h ^= (homePlanet == null) ? 0 : homePlanet.hashCode();
        $hashCode = __h;
        $hashCodeMemoized = true;
      }
      return $hashCode;
    }

    @Override
    public String toString() {
      if ($toString == null) {
        $toString = "OnHuman{"
          + "homePlanet=" + homePlanet
          + "}";
      }
      return $toString;
    }
  }

  public static class OnDroid {
    /**
     * This droid's primary function
     */
    public String primaryFunction;

    private transient volatile int $hashCode;

    private transient volatile boolean $hashCodeMemoized;

    private transient volatile String $toString;

    public OnDroid(String primaryFunction) {
      this.primaryFunction = primaryFunction;
    }

    @Override
    public boolean equals(Object o) {
      if (o == this) {
        return true;
      }
      if (o instanceof OnDroid) {
        OnDroid that = (OnDroid) o;
        return ((this.primaryFunction == null) ? (that.primaryFunction == null) : this.primaryFunction.equals(that.primaryFunction));
      }
      return false;
    }

    @Override
    public int hashCode() {
      if (!$hashCodeMemoized) {
        int __h = 1;
        __h *= 1000003;
        __h ^= (primaryFunction == null) ? 0 : primaryFunction.hashCode();
        $hashCode = __h;
        $hashCodeMemoized = true;
      }
      return $hashCode;
    }

    @Override
    public String toString() {
      if ($toString == null) {
        $toString = "OnDroid{"
          + "primaryFunction=" + primaryFunction
          + "}";
      }
      return $toString;
    }
  }
}
