//
// AUTO-GENERATED FILE. DO NOT MODIFY.
//
// This class was automatically generated by Apollo GraphQL version '$VERSION'.
//
package com.example.subscriptions.adapter;

import com.apollographql.apollo.api.Adapters;
import com.apollographql.apollo.api.CustomScalarAdapters;
import com.apollographql.apollo.api.json.JsonWriter;
import com.example.subscriptions.TestSubscription;
import java.io.IOException;

public enum TestSubscription_VariablesAdapter {
  INSTANCE;

  public void serializeVariables(JsonWriter writer, TestSubscription value,
      CustomScalarAdapters customScalarAdapters, boolean withDefaultValues) throws IOException {
    writer.name("repo");
    Adapters.StringAdapter.toJson(writer, customScalarAdapters, value.repo);
  }
}
