//
// AUTO-GENERATED FILE. DO NOT MODIFY.
//
// This class was automatically generated by Apollo GraphQL version '$VERSION'.
//
package com.example.named_fragment_delegate.fragment.selections;

import com.apollographql.apollo.api.CompiledField;
import com.apollographql.apollo.api.CompiledListType;
import com.apollographql.apollo.api.CompiledNotNullType;
import com.apollographql.apollo.api.CompiledSelection;
import com.example.named_fragment_delegate.type.Character;
import com.example.named_fragment_delegate.type.FriendsConnection;
import com.example.named_fragment_delegate.type.FriendsEdge;
import com.example.named_fragment_delegate.type.GraphQLString;
import com.example.named_fragment_delegate.type.URL;
import java.util.Arrays;
import java.util.List;

public class HumanDetailsSelections {
  private static List<CompiledSelection> __node = Arrays.asList(
    new CompiledField.Builder("name", new CompiledNotNullType(GraphQLString.type)).build()
  );

  private static List<CompiledSelection> __edges = Arrays.asList(
    new CompiledField.Builder("node", Character.type).selections(__node).build()
  );

  private static List<CompiledSelection> __friendsConnection = Arrays.asList(
    new CompiledField.Builder("edges", new CompiledListType(FriendsEdge.type)).selections(__edges).build()
  );

  public static List<CompiledSelection> __root = Arrays.asList(
    new CompiledField.Builder("name", new CompiledNotNullType(GraphQLString.type)).build(),
    new CompiledField.Builder("profileLink", new CompiledNotNullType(URL.type)).build(),
    new CompiledField.Builder("friendsConnection", new CompiledNotNullType(FriendsConnection.type)).selections(__friendsConnection).build()
  );
}
