//
// AUTO-GENERATED FILE. DO NOT MODIFY.
//
// This class was automatically generated by Apollo GraphQL version '$VERSION'.
//
package com.example.simple_fragment.builder.resolver

import com.apollographql.apollo.api.FakeResolverContext
import com.apollographql.apollo.api.StringAdapter
import com.apollographql.apollo.api.json.MapJsonWriter
import kotlin.Any
import kotlin.String

internal fun FakeResolverContext.adaptToJson(`value`: Any): Any {
  val writer = MapJsonWriter()
  when(mergedField.type.rawType().name){
    "String" -> StringAdapter.toJson(writer, customScalarAdapters, value as String)
    else -> return value
  }
  return writer.root()!!
}
