//
// AUTO-GENERATED FILE. DO NOT MODIFY.
//
// This class was automatically generated by Apollo GraphQL version '$VERSION'.
//
package com.example.operationbased2_ex8.fragment

import com.apollographql.apollo3.api.Adapter
import com.apollographql.apollo3.api.CustomScalarAdapters
import com.apollographql.apollo3.api.IntAdapter
import com.apollographql.apollo3.api.StringAdapter
import com.apollographql.apollo3.api.evaluate
import com.apollographql.apollo3.api.json.JsonReader
import com.apollographql.apollo3.api.json.JsonWriter
import com.apollographql.apollo3.api.possibleTypes
import kotlin.Int
import kotlin.String
import kotlin.Unit
import kotlin.collections.List

public object AnimalFragmentImpl_ResponseAdapter {
  public object AnimalFragment : Adapter<com.example.operationbased2_ex8.fragment.AnimalFragment> {
    public val RESPONSE_NAMES: List<String> = listOf("__typename", "species")

    public override fun fromJson(reader: JsonReader, customScalarAdapters: CustomScalarAdapters):
        com.example.operationbased2_ex8.fragment.AnimalFragment {
      var __typename: String? = null
      var _species: String? = null

      while(true) {
        when (reader.selectName(RESPONSE_NAMES)) {
          0 -> __typename = StringAdapter.fromJson(reader, customScalarAdapters)
          1 -> _species = StringAdapter.fromJson(reader, customScalarAdapters)
          else -> break
        }
      }

      check(__typename != null) {
        "__typename was not found"
      }

      var _onWarmBlooded: com.example.operationbased2_ex8.fragment.AnimalFragment.OnWarmBlooded? = null
      if (possibleTypes("Lion","Cat","Panther").evaluate(customScalarAdapters.adapterContext.variables(), __typename, customScalarAdapters.adapterContext, null)) {
        reader.rewind()
        _onWarmBlooded = com.example.operationbased2_ex8.fragment.AnimalFragmentImpl_ResponseAdapter.AnimalFragment.OnWarmBlooded.fromJson(reader,
            customScalarAdapters)
      }

      var _onPet: com.example.operationbased2_ex8.fragment.AnimalFragment.OnPet? = null
      if (possibleTypes("Cat","Turtle").evaluate(customScalarAdapters.adapterContext.variables(), __typename, customScalarAdapters.adapterContext, null)) {
        reader.rewind()
        _onPet = com.example.operationbased2_ex8.fragment.AnimalFragmentImpl_ResponseAdapter.AnimalFragment.OnPet.fromJson(reader,
            customScalarAdapters)
      }

      return com.example.operationbased2_ex8.fragment.AnimalFragment(
        __typename = __typename,
        species = _species!!,
        onWarmBlooded = _onWarmBlooded,
        onPet = _onPet
      )
    }

    public override fun toJson(
      writer: JsonWriter,
      customScalarAdapters: CustomScalarAdapters,
      `value`: com.example.operationbased2_ex8.fragment.AnimalFragment,
    ): Unit {
      writer.name("__typename")
      StringAdapter.toJson(writer, customScalarAdapters, value.__typename)

      writer.name("species")
      StringAdapter.toJson(writer, customScalarAdapters, value.species)

      if (value.onWarmBlooded != null) {
        com.example.operationbased2_ex8.fragment.AnimalFragmentImpl_ResponseAdapter.AnimalFragment.OnWarmBlooded.toJson(writer,
            customScalarAdapters, value.onWarmBlooded)
      }

      if (value.onPet != null) {
        com.example.operationbased2_ex8.fragment.AnimalFragmentImpl_ResponseAdapter.AnimalFragment.OnPet.toJson(writer,
            customScalarAdapters, value.onPet)
      }
    }

    private object OnWarmBlooded :
        Adapter<com.example.operationbased2_ex8.fragment.AnimalFragment.OnWarmBlooded> {
      public val RESPONSE_NAMES: List<String> = listOf("temperature")

      public override fun fromJson(reader: JsonReader, customScalarAdapters: CustomScalarAdapters):
          com.example.operationbased2_ex8.fragment.AnimalFragment.OnWarmBlooded {
        var _temperature: Int? = null

        while(true) {
          when (reader.selectName(RESPONSE_NAMES)) {
            0 -> _temperature = IntAdapter.fromJson(reader, customScalarAdapters)
            else -> break
          }
        }

        return com.example.operationbased2_ex8.fragment.AnimalFragment.OnWarmBlooded(
          temperature = _temperature!!
        )
      }

      public override fun toJson(
        writer: JsonWriter,
        customScalarAdapters: CustomScalarAdapters,
        `value`: com.example.operationbased2_ex8.fragment.AnimalFragment.OnWarmBlooded,
      ): Unit {
        writer.name("temperature")
        IntAdapter.toJson(writer, customScalarAdapters, value.temperature)
      }
    }

    private object OnPet : Adapter<com.example.operationbased2_ex8.fragment.AnimalFragment.OnPet> {
      public val RESPONSE_NAMES: List<String> = listOf("name")

      public override fun fromJson(reader: JsonReader, customScalarAdapters: CustomScalarAdapters):
          com.example.operationbased2_ex8.fragment.AnimalFragment.OnPet {
        var _name: String? = null

        while(true) {
          when (reader.selectName(RESPONSE_NAMES)) {
            0 -> _name = StringAdapter.fromJson(reader, customScalarAdapters)
            else -> break
          }
        }

        return com.example.operationbased2_ex8.fragment.AnimalFragment.OnPet(
          name = _name!!
        )
      }

      public override fun toJson(
        writer: JsonWriter,
        customScalarAdapters: CustomScalarAdapters,
        `value`: com.example.operationbased2_ex8.fragment.AnimalFragment.OnPet,
      ): Unit {
        writer.name("name")
        StringAdapter.toJson(writer, customScalarAdapters, value.name)
      }
    }
  }
}
