//
// AUTO-GENERATED FILE. DO NOT MODIFY.
//
// This class was automatically generated by Apollo GraphQL version '$VERSION'.
//
package com.example.simple_union.fragment.selections;

import com.apollographql.apollo3.api.CompiledField;
import com.apollographql.apollo3.api.CompiledNotNullType;
import com.apollographql.apollo3.api.CompiledSelection;
import com.example.simple_union.type.GraphQLString;
import java.util.Arrays;
import java.util.List;

public class CatFragmentSelections {
  public static List<CompiledSelection> __root = Arrays.asList(
    new CompiledField.Builder("meow", new CompiledNotNullType(GraphQLString.type)).build()
  );
}
