//
// AUTO-GENERATED FILE. DO NOT MODIFY.
//
// This class was automatically generated by Apollo GraphQL version '$VERSION'.
//
package com.example.mutation_create_review_semantic_naming.type

import com.apollographql.apollo3.api.ObjectType

/**
 * The mutation type, represents all updates we can make to our data
 */
public class Mutation {
  public companion object {
    public val type: ObjectType = ObjectType.Builder(name = "Mutation").build()
  }
}
