//
// AUTO-GENERATED FILE. DO NOT MODIFY.
//
// This class was automatically generated by Apollo GraphQL version '$VERSION'.
//
package com.example.fragments_with_defer_and_include_directives;

import com.apollographql.apollo.api.Adapter;
import com.apollographql.apollo.api.CompiledField;
import com.apollographql.apollo.api.CustomScalarAdapters;
import com.apollographql.apollo.api.ObjectAdapter;
import com.apollographql.apollo.api.Query;
import com.apollographql.apollo.api.json.JsonWriter;
import com.example.fragments_with_defer_and_include_directives.adapter.SpreadMultipleWithDefer_ResponseAdapter;
import com.example.fragments_with_defer_and_include_directives.fragment.DroidDetails;
import com.example.fragments_with_defer_and_include_directives.selections.SpreadMultipleWithDeferSelections;
import java.io.IOException;
import java.lang.Object;
import java.lang.Override;
import java.lang.String;

public class SpreadMultipleWithDefer implements Query<SpreadMultipleWithDefer.Data> {
  public static final String OPERATION_ID = "7cd4d1b6a14f96cff4bbbdbd3b3ab1aa365ffc65e1515ff6e22935010543ad71";

  /**
   * The minimized GraphQL document being sent to the server to save a few bytes.
   * The un-minimized version is:
   *
   * query SpreadMultipleWithDefer {
   *   hero {
   *     __typename
   *     ...DroidDetails @defer(label: "a_first")
   *     ...DroidDetails @defer(label: "a_second")
   *   }
   * }
   *
   * fragment DroidDetails on Droid {
   *   name
   * }
   */
  public static final String OPERATION_DOCUMENT = "query SpreadMultipleWithDefer { hero { __typename ...DroidDetails @defer(label: \"a_first\") ...DroidDetails @defer(label: \"a_second\") } }  fragment DroidDetails on Droid { name }";

  public static final String OPERATION_NAME = "SpreadMultipleWithDefer";

  private transient volatile int $hashCode;

  private transient volatile boolean $hashCodeMemoized;

  private transient volatile String $toString;

  public SpreadMultipleWithDefer() {

  }

  @Override
  public boolean equals(Object o) {
    if (o == this) {
      return true;
    }
    if (o instanceof SpreadMultipleWithDefer) {
      return true;
    }
    return false;
  }

  @Override
  public int hashCode() {
    if (!$hashCodeMemoized) {
      int __h = 1;
      $hashCode = __h;
      $hashCodeMemoized = true;
    }
    return $hashCode;
  }

  @Override
  public String toString() {
    if ($toString == null) {
      $toString = "SpreadMultipleWithDefer{"
        + "}";
    }
    return $toString;
  }

  public static Builder builder() {
    return new Builder();
  }

  @Override
  public String id() {
    return OPERATION_ID;
  }

  @Override
  public String document() {
    return OPERATION_DOCUMENT;
  }

  @Override
  public String name() {
    return OPERATION_NAME;
  }

  @Override
  public void serializeVariables(JsonWriter writer, CustomScalarAdapters customScalarAdapters,
      boolean withDefaultValues) throws IOException {
    // This operation doesn't have any variable
  }

  @Override
  public Adapter<Data> adapter() {
    return new ObjectAdapter<Data>(SpreadMultipleWithDefer_ResponseAdapter.Data.INSTANCE, false);
  }

  @Override
  public CompiledField rootField() {
    return new CompiledField.Builder(
      "data",
      com.example.fragments_with_defer_and_include_directives.type.Query.type
    )
    .selections(SpreadMultipleWithDeferSelections.__root)
    .build();
  }

  public static final class Builder {
    Builder() {
    }

    public SpreadMultipleWithDefer build() {
      return new SpreadMultipleWithDefer();
    }
  }

  public static class Data implements Query.Data {
    public Hero hero;

    private transient volatile int $hashCode;

    private transient volatile boolean $hashCodeMemoized;

    private transient volatile String $toString;

    public Data(Hero hero) {
      this.hero = hero;
    }

    @Override
    public boolean equals(Object o) {
      if (o == this) {
        return true;
      }
      if (o instanceof Data) {
        Data that = (Data) o;
        return ((this.hero == null) ? (that.hero == null) : this.hero.equals(that.hero));
      }
      return false;
    }

    @Override
    public int hashCode() {
      if (!$hashCodeMemoized) {
        int __h = 1;
        __h *= 1000003;
        __h ^= (hero == null) ? 0 : hero.hashCode();
        $hashCode = __h;
        $hashCodeMemoized = true;
      }
      return $hashCode;
    }

    @Override
    public String toString() {
      if ($toString == null) {
        $toString = "Data{"
          + "hero=" + hero
          + "}";
      }
      return $toString;
    }
  }

  public static class Hero {
    public String __typename;

    /**
     * Synthetic field for 'DroidDetails'
     */
    public DroidDetails droidDetails;

    private transient volatile int $hashCode;

    private transient volatile boolean $hashCodeMemoized;

    private transient volatile String $toString;

    public Hero(String __typename, DroidDetails droidDetails) {
      this.__typename = __typename;
      this.droidDetails = droidDetails;
    }

    @Override
    public boolean equals(Object o) {
      if (o == this) {
        return true;
      }
      if (o instanceof Hero) {
        Hero that = (Hero) o;
        return ((this.__typename == null) ? (that.__typename == null) : this.__typename.equals(that.__typename))
         &&((this.droidDetails == null) ? (that.droidDetails == null) : this.droidDetails.equals(that.droidDetails));
      }
      return false;
    }

    @Override
    public int hashCode() {
      if (!$hashCodeMemoized) {
        int __h = 1;
        __h *= 1000003;
        __h ^= (__typename == null) ? 0 : __typename.hashCode();
        __h *= 1000003;
        __h ^= (droidDetails == null) ? 0 : droidDetails.hashCode();
        $hashCode = __h;
        $hashCodeMemoized = true;
      }
      return $hashCode;
    }

    @Override
    public String toString() {
      if ($toString == null) {
        $toString = "Hero{"
          + "__typename=" + __typename + ", "
          + "droidDetails=" + droidDetails
          + "}";
      }
      return $toString;
    }
  }
}
