//
// AUTO-GENERATED FILE. DO NOT MODIFY.
//
// This class was automatically generated by Apollo GraphQL version '$VERSION'.
//
package com.example.fragments_with_defer_and_include_directives.adapter;

import com.apollographql.apollo3.api.Adapter;
import com.apollographql.apollo3.api.Adapters;
import com.apollographql.apollo3.api.CustomScalarAdapters;
import com.apollographql.apollo3.api.json.JsonReader;
import com.apollographql.apollo3.api.json.JsonWriter;
import com.example.fragments_with_defer_and_include_directives.SpreadMultipleWithDeferWithIf;
import java.io.IOException;
import java.lang.IllegalStateException;
import java.lang.Override;

public enum SpreadMultipleWithDeferWithIf_VariablesAdapter implements Adapter<SpreadMultipleWithDeferWithIf> {
  INSTANCE;

  @Override
  public SpreadMultipleWithDeferWithIf fromJson(JsonReader reader,
      CustomScalarAdapters customScalarAdapters) throws IOException {
    throw new IllegalStateException("Input type used in output position");
  }

  @Override
  public void toJson(JsonWriter writer, CustomScalarAdapters customScalarAdapters,
      SpreadMultipleWithDeferWithIf value) throws IOException {
    writer.name("cond");
    Adapters.BooleanAdapter.toJson(writer, customScalarAdapters, value.cond);
  }
}
