//
// AUTO-GENERATED FILE. DO NOT MODIFY.
//
// This class was automatically generated by Apollo GraphQL version '$VERSION'.
//
package com.example.typepolicy.type;

import com.apollographql.apollo.api.ObjectType;
import java.util.Arrays;

public class C {
  public static ObjectType type = (new ObjectType.Builder("C")).keyFields(Arrays.asList("idC")).interfaces(Arrays.asList(InterfaceA.type)).build();
}
