//
// AUTO-GENERATED FILE. DO NOT MODIFY.
//
// This class was automatically generated by Apollo GraphQL version '$VERSION'.
//
package com.example.fragment_used_twice.adapter

import com.apollographql.apollo.api.Adapter
import com.apollographql.apollo.api.AnyAdapter
import com.apollographql.apollo.api.CustomScalarAdapters
import com.apollographql.apollo.api.StringAdapter
import com.apollographql.apollo.api.json.JsonReader
import com.apollographql.apollo.api.json.JsonWriter
import com.apollographql.apollo.api.json.readTypename
import com.apollographql.apollo.api.missingField
import com.apollographql.apollo.api.nullable
import com.apollographql.apollo.api.obj
import com.example.fragment_used_twice.TestQuery
import kotlin.Any
import kotlin.String
import kotlin.Suppress
import kotlin.collections.List

public object TestQuery_ResponseAdapter {
  public object Data : Adapter<TestQuery.Data> {
    public val RESPONSE_NAMES: List<String> = listOf("hero")

    override fun fromJson(reader: JsonReader, customScalarAdapters: CustomScalarAdapters): TestQuery.Data {
      var _hero: TestQuery.Data.Hero? = null

      while (true) {
        when (reader.selectName(RESPONSE_NAMES)) {
          0 -> _hero = Hero.obj().nullable().fromJson(reader, customScalarAdapters)
          else -> break
        }
      }

      return TestQuery.Data(
        hero = _hero
      )
    }

    override fun toJson(
      writer: JsonWriter,
      customScalarAdapters: CustomScalarAdapters,
      `value`: TestQuery.Data,
    ) {
      writer.name("hero")
      Hero.obj().nullable().toJson(writer, customScalarAdapters, value.hero)
    }

    private object Hero : Adapter<TestQuery.Data.Hero> {
      override fun fromJson(reader: JsonReader, customScalarAdapters: CustomScalarAdapters): TestQuery.Data.Hero {
        val __typename = reader.readTypename()
        return when(__typename) {
          "Human",
          -> HumanHero.fromJson(reader, customScalarAdapters, __typename)
          else
          -> OtherHero.fromJson(reader, customScalarAdapters, __typename)
        }
      }

      override fun toJson(
        writer: JsonWriter,
        customScalarAdapters: CustomScalarAdapters,
        `value`: TestQuery.Data.Hero,
      ) {
        when(value) {
          is TestQuery.Data.HumanHero -> HumanHero.toJson(writer, customScalarAdapters, value)
          is TestQuery.Data.OtherHero -> OtherHero.toJson(writer, customScalarAdapters, value)
        }
      }
    }

    public object HumanHero {
      public val RESPONSE_NAMES: List<String> = listOf("__typename", "name", "birthDate")

      public fun fromJson(
        reader: JsonReader,
        @Suppress("UNUSED_PARAMETER") customScalarAdapters: CustomScalarAdapters,
        typename: String,
      ): TestQuery.Data.HumanHero {
        var __typename: String? = typename
        var _name: String? = null
        var _birthDate: Any? = null

        while (true) {
          when (reader.selectName(RESPONSE_NAMES)) {
            0 -> __typename = StringAdapter.fromJson(reader, customScalarAdapters)
            1 -> _name = StringAdapter.fromJson(reader, customScalarAdapters)
            2 -> _birthDate = AnyAdapter.fromJson(reader, customScalarAdapters)
            else -> break
          }
        }

        return TestQuery.Data.HumanHero(
          __typename = __typename ?: missingField(reader, "__typename"),
          name = _name ?: missingField(reader, "name"),
          birthDate = _birthDate ?: missingField(reader, "birthDate")
        )
      }

      public fun toJson(
        writer: JsonWriter,
        @Suppress("UNUSED_PARAMETER") customScalarAdapters: CustomScalarAdapters,
        `value`: TestQuery.Data.HumanHero,
      ) {
        writer.name("__typename")
        StringAdapter.toJson(writer, customScalarAdapters, value.__typename)

        writer.name("name")
        StringAdapter.toJson(writer, customScalarAdapters, value.name)

        writer.name("birthDate")
        AnyAdapter.toJson(writer, customScalarAdapters, value.birthDate)
      }
    }

    public object OtherHero {
      public val RESPONSE_NAMES: List<String> = listOf("__typename", "name", "birthDate")

      public fun fromJson(
        reader: JsonReader,
        @Suppress("UNUSED_PARAMETER") customScalarAdapters: CustomScalarAdapters,
        typename: String,
      ): TestQuery.Data.OtherHero {
        var __typename: String? = typename
        var _name: String? = null
        var _birthDate: Any? = null

        while (true) {
          when (reader.selectName(RESPONSE_NAMES)) {
            0 -> __typename = StringAdapter.fromJson(reader, customScalarAdapters)
            1 -> _name = StringAdapter.fromJson(reader, customScalarAdapters)
            2 -> _birthDate = AnyAdapter.fromJson(reader, customScalarAdapters)
            else -> break
          }
        }

        return TestQuery.Data.OtherHero(
          __typename = __typename ?: missingField(reader, "__typename"),
          name = _name ?: missingField(reader, "name"),
          birthDate = _birthDate ?: missingField(reader, "birthDate")
        )
      }

      public fun toJson(
        writer: JsonWriter,
        @Suppress("UNUSED_PARAMETER") customScalarAdapters: CustomScalarAdapters,
        `value`: TestQuery.Data.OtherHero,
      ) {
        writer.name("__typename")
        StringAdapter.toJson(writer, customScalarAdapters, value.__typename)

        writer.name("name")
        StringAdapter.toJson(writer, customScalarAdapters, value.name)

        writer.name("birthDate")
        AnyAdapter.toJson(writer, customScalarAdapters, value.birthDate)
      }
    }
  }
}
