//
// AUTO-GENERATED FILE. DO NOT MODIFY.
//
// This class was automatically generated by Apollo GraphQL version '$VERSION'.
//
package com.example.simple_fragment.selections

import com.apollographql.apollo.api.CompiledField
import com.apollographql.apollo.api.CompiledFragment
import com.apollographql.apollo.api.CompiledSelection
import com.apollographql.apollo.api.notNull
import com.example.simple_fragment.fragment.selections.HeroDetailsSelections
import com.example.simple_fragment.fragment.selections.HumanDetailsSelections
import com.example.simple_fragment.type.Character
import com.example.simple_fragment.type.GraphQLString
import kotlin.collections.List

internal object TestQuerySelections {
  private val __hero: List<CompiledSelection> = listOf(
        CompiledField.Builder(
          name = "__typename",
          type = GraphQLString.type.notNull()
        ).build(),
        CompiledFragment.Builder(
          typeCondition = "Character",
          possibleTypes = listOf("Droid", "Human")
        ).selections(HeroDetailsSelections.__root)
        .build(),
        CompiledFragment.Builder(
          typeCondition = "Human",
          possibleTypes = listOf("Human")
        ).selections(HumanDetailsSelections.__root)
        .build()
      )

  public val __root: List<CompiledSelection> = listOf(
        CompiledField.Builder(
          name = "hero",
          type = Character.type
        ).selections(__hero)
        .build()
      )
}
