//
// AUTO-GENERATED FILE. DO NOT MODIFY.
//
// This class was automatically generated by Apollo GraphQL version '$VERSION'.
//
package com.example.fragment_with_inline_fragment.fragment

import com.apollographql.apollo3.api.Adapter
import com.apollographql.apollo3.api.CustomScalarAdapters
import com.apollographql.apollo3.api.NullableIntAdapter
import com.apollographql.apollo3.api.StringAdapter
import com.apollographql.apollo3.api.evaluate
import com.apollographql.apollo3.api.json.JsonReader
import com.apollographql.apollo3.api.json.JsonWriter
import com.apollographql.apollo3.api.json.readTypename
import com.apollographql.apollo3.api.list
import com.apollographql.apollo3.api.nullable
import com.apollographql.apollo3.api.obj
import com.apollographql.apollo3.api.possibleTypes
import kotlin.Int
import kotlin.String
import kotlin.Unit
import kotlin.collections.List

public object HeroDetailsImpl_ResponseAdapter {
  public object HeroDetails :
      Adapter<com.example.fragment_with_inline_fragment.fragment.HeroDetails> {
    public val RESPONSE_NAMES: List<String> = listOf("__typename", "name", "friendsConnection")

    public override fun fromJson(reader: JsonReader, customScalarAdapters: CustomScalarAdapters):
        com.example.fragment_with_inline_fragment.fragment.HeroDetails {
      var __typename: String? = null
      var _name: String? = null
      var _friendsConnection: com.example.fragment_with_inline_fragment.fragment.HeroDetails.FriendsConnection1? = null

      while(true) {
        when (reader.selectName(RESPONSE_NAMES)) {
          0 -> __typename = StringAdapter.fromJson(reader, customScalarAdapters)
          1 -> _name = StringAdapter.fromJson(reader, customScalarAdapters)
          2 -> _friendsConnection = FriendsConnection1.obj().fromJson(reader, customScalarAdapters)
          else -> break
        }
      }

      check(__typename != null) {
        "__typename was not found"
      }

      var _asDroid: com.example.fragment_with_inline_fragment.fragment.HeroDetails.AsDroid? = null
      if (possibleTypes("Droid").evaluate(customScalarAdapters.adapterContext.variables(), __typename, customScalarAdapters.adapterContext, null)) {
        reader.rewind()
        _asDroid = com.example.fragment_with_inline_fragment.fragment.HeroDetailsImpl_ResponseAdapter.AsDroid.fromJson(reader,
            customScalarAdapters)
      }

      reader.rewind()
      val _fragments = com.example.fragment_with_inline_fragment.fragment.HeroDetailsImpl_ResponseAdapter.HeroDetails.Fragments.fromJson(reader,
          customScalarAdapters)

      return com.example.fragment_with_inline_fragment.fragment.HeroDetails(
        __typename = __typename,
        name = _name!!,
        friendsConnection = _friendsConnection!!,
        asDroid = _asDroid,
        fragments = _fragments
      )
    }

    public override fun toJson(
      writer: JsonWriter,
      customScalarAdapters: CustomScalarAdapters,
      `value`: com.example.fragment_with_inline_fragment.fragment.HeroDetails,
    ): Unit {
      writer.name("__typename")
      StringAdapter.toJson(writer, customScalarAdapters, value.__typename)

      writer.name("name")
      StringAdapter.toJson(writer, customScalarAdapters, value.name)

      writer.name("friendsConnection")
      FriendsConnection1.obj().toJson(writer, customScalarAdapters, value.friendsConnection)

      if (value.asDroid != null) {
        com.example.fragment_with_inline_fragment.fragment.HeroDetailsImpl_ResponseAdapter.AsDroid.toJson(writer,
            customScalarAdapters, value.asDroid)
      }

      com.example.fragment_with_inline_fragment.fragment.HeroDetailsImpl_ResponseAdapter.HeroDetails.Fragments.toJson(writer,
          customScalarAdapters, value.fragments)
    }

    private object Fragments :
        Adapter<com.example.fragment_with_inline_fragment.fragment.HeroDetails.Fragments> {
      public override fun fromJson(reader: JsonReader, customScalarAdapters: CustomScalarAdapters):
          com.example.fragment_with_inline_fragment.fragment.HeroDetails.Fragments {


        reader.rewind()
        val __typename = reader.readTypename()

        var _humanDetails: HumanDetails? = null
        if (possibleTypes("Human").evaluate(customScalarAdapters.adapterContext.variables(), __typename, customScalarAdapters.adapterContext, null)) {
          reader.rewind()
          _humanDetails = com.example.fragment_with_inline_fragment.fragment.HumanDetailsImpl_ResponseAdapter.HumanDetails.fromJson(reader,
              customScalarAdapters)
        }

        return com.example.fragment_with_inline_fragment.fragment.HeroDetails.Fragments(
          humanDetails = _humanDetails
        )
      }

      public override fun toJson(
        writer: JsonWriter,
        customScalarAdapters: CustomScalarAdapters,
        `value`: com.example.fragment_with_inline_fragment.fragment.HeroDetails.Fragments,
      ): Unit {
        if (value.humanDetails != null) {
          com.example.fragment_with_inline_fragment.fragment.HumanDetailsImpl_ResponseAdapter.HumanDetails.toJson(writer,
              customScalarAdapters, value.humanDetails)
        }
      }
    }
  }

  public object FriendsConnection1 :
      Adapter<com.example.fragment_with_inline_fragment.fragment.HeroDetails.FriendsConnection1> {
    public val RESPONSE_NAMES: List<String> = listOf("totalCount", "edges")

    public override fun fromJson(reader: JsonReader, customScalarAdapters: CustomScalarAdapters):
        com.example.fragment_with_inline_fragment.fragment.HeroDetails.FriendsConnection1 {
      var _totalCount: Int? = null
      var _edges: List<com.example.fragment_with_inline_fragment.fragment.HeroDetails.Edge1?>? = null

      while(true) {
        when (reader.selectName(RESPONSE_NAMES)) {
          0 -> _totalCount = NullableIntAdapter.fromJson(reader, customScalarAdapters)
          1 -> _edges = Edge1.obj().nullable().list().nullable().fromJson(reader,
              customScalarAdapters)
          else -> break
        }
      }

      return com.example.fragment_with_inline_fragment.fragment.HeroDetails.FriendsConnection1(
        totalCount = _totalCount,
        edges = _edges
      )
    }

    public override fun toJson(
      writer: JsonWriter,
      customScalarAdapters: CustomScalarAdapters,
      `value`: com.example.fragment_with_inline_fragment.fragment.HeroDetails.FriendsConnection1,
    ): Unit {
      writer.name("totalCount")
      NullableIntAdapter.toJson(writer, customScalarAdapters, value.totalCount)

      writer.name("edges")
      Edge1.obj().nullable().list().nullable().toJson(writer, customScalarAdapters, value.edges)
    }
  }

  public object Edge1 :
      Adapter<com.example.fragment_with_inline_fragment.fragment.HeroDetails.Edge1> {
    public val RESPONSE_NAMES: List<String> = listOf("node")

    public override fun fromJson(reader: JsonReader, customScalarAdapters: CustomScalarAdapters):
        com.example.fragment_with_inline_fragment.fragment.HeroDetails.Edge1 {
      var _node: com.example.fragment_with_inline_fragment.fragment.HeroDetails.Node1? = null

      while(true) {
        when (reader.selectName(RESPONSE_NAMES)) {
          0 -> _node = Node1.obj().nullable().fromJson(reader, customScalarAdapters)
          else -> break
        }
      }

      return com.example.fragment_with_inline_fragment.fragment.HeroDetails.Edge1(
        node = _node
      )
    }

    public override fun toJson(
      writer: JsonWriter,
      customScalarAdapters: CustomScalarAdapters,
      `value`: com.example.fragment_with_inline_fragment.fragment.HeroDetails.Edge1,
    ): Unit {
      writer.name("node")
      Node1.obj().nullable().toJson(writer, customScalarAdapters, value.node)
    }
  }

  public object Node1 :
      Adapter<com.example.fragment_with_inline_fragment.fragment.HeroDetails.Node1> {
    public val RESPONSE_NAMES: List<String> = listOf("name")

    public override fun fromJson(reader: JsonReader, customScalarAdapters: CustomScalarAdapters):
        com.example.fragment_with_inline_fragment.fragment.HeroDetails.Node1 {
      var _name: String? = null

      while(true) {
        when (reader.selectName(RESPONSE_NAMES)) {
          0 -> _name = StringAdapter.fromJson(reader, customScalarAdapters)
          else -> break
        }
      }

      return com.example.fragment_with_inline_fragment.fragment.HeroDetails.Node1(
        name = _name!!
      )
    }

    public override fun toJson(
      writer: JsonWriter,
      customScalarAdapters: CustomScalarAdapters,
      `value`: com.example.fragment_with_inline_fragment.fragment.HeroDetails.Node1,
    ): Unit {
      writer.name("name")
      StringAdapter.toJson(writer, customScalarAdapters, value.name)
    }
  }

  public object AsDroid :
      Adapter<com.example.fragment_with_inline_fragment.fragment.HeroDetails.AsDroid> {
    public val RESPONSE_NAMES: List<String> = listOf("__typename", "name", "friendsConnection")

    public override fun fromJson(reader: JsonReader, customScalarAdapters: CustomScalarAdapters):
        com.example.fragment_with_inline_fragment.fragment.HeroDetails.AsDroid {
      var __typename: String? = null
      var _name: String? = null
      var _friendsConnection: com.example.fragment_with_inline_fragment.fragment.HeroDetails.FriendsConnection? = null

      while(true) {
        when (reader.selectName(RESPONSE_NAMES)) {
          0 -> __typename = StringAdapter.fromJson(reader, customScalarAdapters)
          1 -> _name = StringAdapter.fromJson(reader, customScalarAdapters)
          2 -> _friendsConnection = FriendsConnection.obj().fromJson(reader, customScalarAdapters)
          else -> break
        }
      }

      reader.rewind()
      val _fragments = com.example.fragment_with_inline_fragment.fragment.HeroDetailsImpl_ResponseAdapter.AsDroid.Fragments.fromJson(reader,
          customScalarAdapters)

      return com.example.fragment_with_inline_fragment.fragment.HeroDetails.AsDroid(
        __typename = __typename!!,
        name = _name!!,
        friendsConnection = _friendsConnection!!,
        fragments = _fragments
      )
    }

    public override fun toJson(
      writer: JsonWriter,
      customScalarAdapters: CustomScalarAdapters,
      `value`: com.example.fragment_with_inline_fragment.fragment.HeroDetails.AsDroid,
    ): Unit {
      writer.name("__typename")
      StringAdapter.toJson(writer, customScalarAdapters, value.__typename)

      writer.name("name")
      StringAdapter.toJson(writer, customScalarAdapters, value.name)

      writer.name("friendsConnection")
      FriendsConnection.obj().toJson(writer, customScalarAdapters, value.friendsConnection)

      com.example.fragment_with_inline_fragment.fragment.HeroDetailsImpl_ResponseAdapter.AsDroid.Fragments.toJson(writer,
          customScalarAdapters, value.fragments)
    }

    private object Fragments :
        Adapter<com.example.fragment_with_inline_fragment.fragment.HeroDetails.AsDroid.Fragments> {
      public override fun fromJson(reader: JsonReader, customScalarAdapters: CustomScalarAdapters):
          com.example.fragment_with_inline_fragment.fragment.HeroDetails.AsDroid.Fragments {


        reader.rewind()
        val _droidDetails = com.example.fragment_with_inline_fragment.fragment.DroidDetailsImpl_ResponseAdapter.DroidDetails.fromJson(reader,
            customScalarAdapters)

        return com.example.fragment_with_inline_fragment.fragment.HeroDetails.AsDroid.Fragments(
          droidDetails = _droidDetails
        )
      }

      public override fun toJson(
        writer: JsonWriter,
        customScalarAdapters: CustomScalarAdapters,
        `value`: com.example.fragment_with_inline_fragment.fragment.HeroDetails.AsDroid.Fragments,
      ): Unit {
        com.example.fragment_with_inline_fragment.fragment.DroidDetailsImpl_ResponseAdapter.DroidDetails.toJson(writer,
            customScalarAdapters, value.droidDetails)
      }
    }
  }

  public object FriendsConnection :
      Adapter<com.example.fragment_with_inline_fragment.fragment.HeroDetails.FriendsConnection> {
    public val RESPONSE_NAMES: List<String> = listOf("totalCount", "edges")

    public override fun fromJson(reader: JsonReader, customScalarAdapters: CustomScalarAdapters):
        com.example.fragment_with_inline_fragment.fragment.HeroDetails.FriendsConnection {
      var _totalCount: Int? = null
      var _edges: List<com.example.fragment_with_inline_fragment.fragment.HeroDetails.Edge?>? = null

      while(true) {
        when (reader.selectName(RESPONSE_NAMES)) {
          0 -> _totalCount = NullableIntAdapter.fromJson(reader, customScalarAdapters)
          1 -> _edges = Edge.obj().nullable().list().nullable().fromJson(reader,
              customScalarAdapters)
          else -> break
        }
      }

      return com.example.fragment_with_inline_fragment.fragment.HeroDetails.FriendsConnection(
        totalCount = _totalCount,
        edges = _edges
      )
    }

    public override fun toJson(
      writer: JsonWriter,
      customScalarAdapters: CustomScalarAdapters,
      `value`: com.example.fragment_with_inline_fragment.fragment.HeroDetails.FriendsConnection,
    ): Unit {
      writer.name("totalCount")
      NullableIntAdapter.toJson(writer, customScalarAdapters, value.totalCount)

      writer.name("edges")
      Edge.obj().nullable().list().nullable().toJson(writer, customScalarAdapters, value.edges)
    }
  }

  public object Edge : Adapter<com.example.fragment_with_inline_fragment.fragment.HeroDetails.Edge>
      {
    public val RESPONSE_NAMES: List<String> = listOf("node")

    public override fun fromJson(reader: JsonReader, customScalarAdapters: CustomScalarAdapters):
        com.example.fragment_with_inline_fragment.fragment.HeroDetails.Edge {
      var _node: com.example.fragment_with_inline_fragment.fragment.HeroDetails.Node? = null

      while(true) {
        when (reader.selectName(RESPONSE_NAMES)) {
          0 -> _node = Node.obj().nullable().fromJson(reader, customScalarAdapters)
          else -> break
        }
      }

      return com.example.fragment_with_inline_fragment.fragment.HeroDetails.Edge(
        node = _node
      )
    }

    public override fun toJson(
      writer: JsonWriter,
      customScalarAdapters: CustomScalarAdapters,
      `value`: com.example.fragment_with_inline_fragment.fragment.HeroDetails.Edge,
    ): Unit {
      writer.name("node")
      Node.obj().nullable().toJson(writer, customScalarAdapters, value.node)
    }
  }

  public object Node : Adapter<com.example.fragment_with_inline_fragment.fragment.HeroDetails.Node>
      {
    public val RESPONSE_NAMES: List<String> = listOf("name")

    public override fun fromJson(reader: JsonReader, customScalarAdapters: CustomScalarAdapters):
        com.example.fragment_with_inline_fragment.fragment.HeroDetails.Node {
      var _name: String? = null

      while(true) {
        when (reader.selectName(RESPONSE_NAMES)) {
          0 -> _name = StringAdapter.fromJson(reader, customScalarAdapters)
          else -> break
        }
      }

      return com.example.fragment_with_inline_fragment.fragment.HeroDetails.Node(
        name = _name!!
      )
    }

    public override fun toJson(
      writer: JsonWriter,
      customScalarAdapters: CustomScalarAdapters,
      `value`: com.example.fragment_with_inline_fragment.fragment.HeroDetails.Node,
    ): Unit {
      writer.name("name")
      StringAdapter.toJson(writer, customScalarAdapters, value.name)
    }
  }
}
