//
// AUTO-GENERATED FILE. DO NOT MODIFY.
//
// This class was automatically generated by Apollo GraphQL version '$VERSION'.
//
package com.example.root_query_fragment_with_nested_fragments.fragment;

import com.apollographql.apollo.api.Adapter;
import com.apollographql.apollo.api.CompiledField;
import com.apollographql.apollo.api.CustomScalarAdapters;
import com.apollographql.apollo.api.Fragment;
import com.apollographql.apollo.api.ObjectAdapter;
import com.apollographql.apollo.api.json.JsonWriter;
import com.example.root_query_fragment_with_nested_fragments.fragment.selections.DroidFragmentSelections;
import com.example.root_query_fragment_with_nested_fragments.type.Droid;
import java.io.IOException;
import java.lang.Object;
import java.lang.Override;
import java.lang.String;

public class DroidFragmentImpl implements Fragment<DroidFragment> {
  private transient volatile int $hashCode;

  private transient volatile boolean $hashCodeMemoized;

  private transient volatile String $toString;

  public DroidFragmentImpl() {

  }

  @Override
  public boolean equals(Object o) {
    if (o == this) {
      return true;
    }
    if (o instanceof DroidFragmentImpl) {
      return true;
    }
    return false;
  }

  @Override
  public int hashCode() {
    if (!$hashCodeMemoized) {
      int __h = 1;
      $hashCode = __h;
      $hashCodeMemoized = true;
    }
    return $hashCode;
  }

  @Override
  public String toString() {
    if ($toString == null) {
      $toString = "DroidFragmentImpl{"
        + "}";
    }
    return $toString;
  }

  @Override
  public void serializeVariables(JsonWriter writer, CustomScalarAdapters customScalarAdapters,
      boolean withDefaultValues) throws IOException {
    // This fragment doesn't have any variable
  }

  @Override
  public Adapter<DroidFragment> adapter() {
    return new ObjectAdapter<DroidFragment>(DroidFragmentImpl_ResponseAdapter.DroidFragment.INSTANCE, false);
  }

  @Override
  public CompiledField rootField() {
    return new CompiledField.Builder(
      "data",
      Droid.type
    )
    .selections(DroidFragmentSelections.__root)
    .build();
  }
}
