//
// AUTO-GENERATED FILE. DO NOT MODIFY.
//
// This class was automatically generated by Apollo GraphQL version '$VERSION'.
//
package com.example.__schema.schema;

import com.apollographql.apollo.api.CompiledNamedType;
import com.apollographql.apollo.api.CustomScalarAdapters;
import com.apollographql.apollo.api.ObjectType;
import com.apollographql.apollo.api.PossibleTypes;
import java.util.Collections;
import java.util.List;

/**
 * A Schema object containing all the composite types and a possibleTypes helper function
 */
public class __Schema {
  public static CustomScalarAdapters customScalarAdapters = new CustomScalarAdapters.Builder()
    .build();

  public static List<CompiledNamedType> types = Collections.emptyList();

  public static List<ObjectType> possibleTypes(CompiledNamedType type) {
    return PossibleTypes.possibleTypes(types, type)
        ;
  }
}
