//
// AUTO-GENERATED FILE. DO NOT MODIFY.
//
// This class was automatically generated by Apollo GraphQL version '$VERSION'.
//
package com.example.mutation_create_review.type

import com.apollographql.apollo.api.CustomScalarType

internal class ListOfString {
  public companion object {
    public val type: CustomScalarType = CustomScalarType("ListOfString", "List<String?>")
  }
}
