//
// AUTO-GENERATED FILE. DO NOT MODIFY.
//
// This class was automatically generated by Apollo GraphQL version '$VERSION'.
//
package com.example.fragment_used_twice.type

import com.apollographql.apollo.api.ObjectType

/**
 * The query type, represents all of the entry points into our object graph
 */
public class Query {
  public companion object {
    public val type: ObjectType = ObjectType.Builder(name = "Query").build()
  }
}
