//
// AUTO-GENERATED FILE. DO NOT MODIFY.
//
// This class was automatically generated by Apollo GraphQL version '$VERSION'.
//
package com.example.input_object_variable_and_argument.type;

import com.apollographql.apollo3.api.InterfaceType;
import java.util.Collections;

/**
 * A character from the Star Wars universe
 */
public class Character {
  public static InterfaceType type = new InterfaceType("Character", Collections.emptyList(), Collections.emptyList());
}
