//
// AUTO-GENERATED FILE. DO NOT MODIFY.
//
// This class was automatically generated by Apollo GraphQL version '$VERSION'.
//
package com.example.named_fragment_inside_inline_fragment.selections;

import com.apollographql.apollo3.api.CompiledField;
import com.apollographql.apollo3.api.CompiledFragment;
import com.apollographql.apollo3.api.CompiledNotNullType;
import com.apollographql.apollo3.api.CompiledSelection;
import com.example.named_fragment_inside_inline_fragment.fragment.selections.characterAppearsInSelections;
import com.example.named_fragment_inside_inline_fragment.fragment.selections.characterNameSelections;
import com.example.named_fragment_inside_inline_fragment.type.Character;
import com.example.named_fragment_inside_inline_fragment.type.GraphQLString;
import java.util.Arrays;
import java.util.List;

public class GetHeroSelections {
  private static List<CompiledSelection> __onCharacter = Arrays.asList(
    new CompiledField.Builder("__typename", new CompiledNotNullType(GraphQLString.type)).build(),
    new CompiledFragment.Builder("Character", Arrays.asList("Droid", "Human")).selections(characterNameSelections.__root).build(),
    new CompiledFragment.Builder("Character", Arrays.asList("Droid", "Human")).selections(characterAppearsInSelections.__root).build()
  );

  private static List<CompiledSelection> __hero = Arrays.asList(
    new CompiledField.Builder("__typename", new CompiledNotNullType(GraphQLString.type)).build(),
    new CompiledFragment.Builder("Character", Arrays.asList("Droid", "Human")).selections(__onCharacter).build()
  );

  public static List<CompiledSelection> __root = Arrays.asList(
    new CompiledField.Builder("hero", Character.type).selections(__hero).build()
  );
}
