//
// AUTO-GENERATED FILE. DO NOT MODIFY.
//
// This class was automatically generated by Apollo GraphQL version '$VERSION'.
//
package com.example.unique_type_name.fragment;

import com.apollographql.apollo3.api.Adapters;
import com.apollographql.apollo3.api.ApolloAdapter;
import com.apollographql.apollo3.api.Assertions;
import com.apollographql.apollo3.api.ListAdapter;
import com.apollographql.apollo3.api.NullableAdapter;
import com.apollographql.apollo3.api.ObjectAdapter;
import com.apollographql.apollo3.api.json.JsonReader;
import com.apollographql.apollo3.api.json.JsonWriter;
import java.io.IOException;
import java.lang.Integer;
import java.lang.Override;
import java.lang.String;
import java.util.Arrays;
import java.util.List;

public class HeroDetailsImpl_ResponseAdapter {
  public enum HeroDetails implements ApolloAdapter<com.example.unique_type_name.fragment.HeroDetails> {
    INSTANCE;

    private static final List<String> RESPONSE_NAMES = Arrays.asList("name", "friendsConnection");

    @Override
    public com.example.unique_type_name.fragment.HeroDetails fromJson(JsonReader reader,
        ApolloAdapter.DataDeserializeContext context) throws IOException {
      String _name = null;
      com.example.unique_type_name.fragment.HeroDetails.FriendsConnection _friendsConnection = null;

      loop:
      while(true) {
        switch (reader.selectName(RESPONSE_NAMES)) {
          case 0: _name = Adapters.StringApolloAdapter.fromJson(reader, context); break;
          case 1: _friendsConnection = new ObjectAdapter<com.example.unique_type_name.fragment.HeroDetails.FriendsConnection>(FriendsConnection.INSTANCE, false).fromJson(reader, context); break;
          default: break loop;
        }
      }

      Assertions.checkFieldNotMissing(_name, "name");
      Assertions.checkFieldNotMissing(_friendsConnection, "friendsConnection");

      return new com.example.unique_type_name.fragment.HeroDetails(
        _name,
        _friendsConnection
      );
    }

    @Override
    public void toJson(JsonWriter writer, com.example.unique_type_name.fragment.HeroDetails value,
        ApolloAdapter.DataSerializeContext context) throws IOException {
      writer.name("name");
      Adapters.StringApolloAdapter.toJson(writer, value.name, context);

      writer.name("friendsConnection");
      new ObjectAdapter<com.example.unique_type_name.fragment.HeroDetails.FriendsConnection>(FriendsConnection.INSTANCE, false).toJson(writer, value.friendsConnection, context);
    }
  }

  public enum FriendsConnection implements ApolloAdapter<com.example.unique_type_name.fragment.HeroDetails.FriendsConnection> {
    INSTANCE;

    private static final List<String> RESPONSE_NAMES = Arrays.asList("totalCount", "edges");

    @Override
    public com.example.unique_type_name.fragment.HeroDetails.FriendsConnection fromJson(
        JsonReader reader, ApolloAdapter.DataDeserializeContext context) throws IOException {
      Integer _totalCount = null;
      List<com.example.unique_type_name.fragment.HeroDetails.Edge> _edges = null;

      loop:
      while(true) {
        switch (reader.selectName(RESPONSE_NAMES)) {
          case 0: _totalCount = Adapters.NullableIntApolloAdapter.fromJson(reader, context); break;
          case 1: _edges = new NullableAdapter<>(new ListAdapter<>(new NullableAdapter<>(new ObjectAdapter<com.example.unique_type_name.fragment.HeroDetails.Edge>(Edge.INSTANCE, false)))).fromJson(reader, context); break;
          default: break loop;
        }
      }

      return new com.example.unique_type_name.fragment.HeroDetails.FriendsConnection(
        _totalCount,
        _edges
      );
    }

    @Override
    public void toJson(JsonWriter writer,
        com.example.unique_type_name.fragment.HeroDetails.FriendsConnection value,
        ApolloAdapter.DataSerializeContext context) throws IOException {
      writer.name("totalCount");
      Adapters.NullableIntApolloAdapter.toJson(writer, value.totalCount, context);

      writer.name("edges");
      new NullableAdapter<>(new ListAdapter<>(new NullableAdapter<>(new ObjectAdapter<com.example.unique_type_name.fragment.HeroDetails.Edge>(Edge.INSTANCE, false)))).toJson(writer, value.edges, context);
    }
  }

  public enum Edge implements ApolloAdapter<com.example.unique_type_name.fragment.HeroDetails.Edge> {
    INSTANCE;

    private static final List<String> RESPONSE_NAMES = Arrays.asList("node");

    @Override
    public com.example.unique_type_name.fragment.HeroDetails.Edge fromJson(JsonReader reader,
        ApolloAdapter.DataDeserializeContext context) throws IOException {
      com.example.unique_type_name.fragment.HeroDetails.Node _node = null;

      loop:
      while(true) {
        switch (reader.selectName(RESPONSE_NAMES)) {
          case 0: _node = new NullableAdapter<>(new ObjectAdapter<com.example.unique_type_name.fragment.HeroDetails.Node>(Node.INSTANCE, false)).fromJson(reader, context); break;
          default: break loop;
        }
      }

      return new com.example.unique_type_name.fragment.HeroDetails.Edge(
        _node
      );
    }

    @Override
    public void toJson(JsonWriter writer,
        com.example.unique_type_name.fragment.HeroDetails.Edge value,
        ApolloAdapter.DataSerializeContext context) throws IOException {
      writer.name("node");
      new NullableAdapter<>(new ObjectAdapter<com.example.unique_type_name.fragment.HeroDetails.Node>(Node.INSTANCE, false)).toJson(writer, value.node, context);
    }
  }

  public enum Node implements ApolloAdapter<com.example.unique_type_name.fragment.HeroDetails.Node> {
    INSTANCE;

    private static final List<String> RESPONSE_NAMES = Arrays.asList("name");

    @Override
    public com.example.unique_type_name.fragment.HeroDetails.Node fromJson(JsonReader reader,
        ApolloAdapter.DataDeserializeContext context) throws IOException {
      String _name = null;

      loop:
      while(true) {
        switch (reader.selectName(RESPONSE_NAMES)) {
          case 0: _name = Adapters.StringApolloAdapter.fromJson(reader, context); break;
          default: break loop;
        }
      }

      Assertions.checkFieldNotMissing(_name, "name");

      return new com.example.unique_type_name.fragment.HeroDetails.Node(
        _name
      );
    }

    @Override
    public void toJson(JsonWriter writer,
        com.example.unique_type_name.fragment.HeroDetails.Node value,
        ApolloAdapter.DataSerializeContext context) throws IOException {
      writer.name("name");
      Adapters.StringApolloAdapter.toJson(writer, value.name, context);
    }
  }
}
