//
// AUTO-GENERATED FILE. DO NOT MODIFY.
//
// This class was automatically generated by Apollo GraphQL version '$VERSION'.
//
package com.example.fragment_used_twice.fragment;

import com.apollographql.apollo.api.Adapter;
import com.apollographql.apollo.api.Adapters;
import com.apollographql.apollo.api.Assertions;
import com.apollographql.apollo.api.CustomScalarAdapters;
import com.apollographql.apollo.api.json.JsonReader;
import com.apollographql.apollo.api.json.JsonWriter;
import java.io.IOException;
import java.lang.Override;
import java.lang.String;
import java.util.Arrays;
import java.util.List;

public class HeroDetailsImpl_ResponseAdapter {
  public enum HeroDetails implements Adapter<com.example.fragment_used_twice.fragment.HeroDetails> {
    INSTANCE;

    private static final List<String> RESPONSE_NAMES = Arrays.asList("__typename", "name");

    @Override
    public com.example.fragment_used_twice.fragment.HeroDetails fromJson(JsonReader reader,
        CustomScalarAdapters customScalarAdapters) throws IOException {
      String __typename = null;
      String _name = null;

      loop:
      while(true) {
        switch (reader.selectName(RESPONSE_NAMES)) {
          case 0: __typename = Adapters.StringAdapter.fromJson(reader, customScalarAdapters); break;
          case 1: _name = Adapters.StringAdapter.fromJson(reader, customScalarAdapters); break;
          default: break loop;
        }
      }

      reader.rewind();
      CharacterDetails _characterDetails = com.example.fragment_used_twice.fragment.CharacterDetailsImpl_ResponseAdapter.CharacterDetails.INSTANCE.fromJson(reader, customScalarAdapters);

      Assertions.checkFieldNotMissing(__typename, "__typename");
      Assertions.checkFieldNotMissing(_name, "name");

      return new com.example.fragment_used_twice.fragment.HeroDetails(
        __typename,
        _name,
        _characterDetails
      );
    }

    @Override
    public void toJson(JsonWriter writer, CustomScalarAdapters customScalarAdapters,
        com.example.fragment_used_twice.fragment.HeroDetails value) throws IOException {
      writer.name("__typename");
      Adapters.StringAdapter.toJson(writer, customScalarAdapters, value.__typename);

      writer.name("name");
      Adapters.StringAdapter.toJson(writer, customScalarAdapters, value.name);

      com.example.fragment_used_twice.fragment.CharacterDetailsImpl_ResponseAdapter.CharacterDetails.INSTANCE.toJson(writer, customScalarAdapters, value.characterDetails);
    }
  }
}
