//
// AUTO-GENERATED FILE. DO NOT MODIFY.
//
// This class was automatically generated by Apollo GraphQL version '$VERSION'.
//
package com.example.nested_named_fragments.fragment

import com.apollographql.apollo.api.Adapter
import com.apollographql.apollo.api.CustomScalarAdapters
import com.apollographql.apollo.api.NullableStringAdapter
import com.apollographql.apollo.api.StringAdapter
import com.apollographql.apollo.api.json.JsonReader
import com.apollographql.apollo.api.json.JsonWriter
import com.apollographql.apollo.api.missingField
import com.apollographql.apollo.api.nullable
import com.apollographql.apollo.api.obj
import kotlin.String
import kotlin.collections.List

public object PilotFragmentImpl_ResponseAdapter {
  public object Data : Adapter<PilotFragmentImpl.Data> {
    public val RESPONSE_NAMES: List<String> = listOf("name", "homeworld")

    override fun fromJson(reader: JsonReader, customScalarAdapters: CustomScalarAdapters): PilotFragmentImpl.Data {
      var _name: String? = null
      var _homeworld: PilotFragmentImpl.Data.Homeworld? = null

      while (true) {
        when (reader.selectName(RESPONSE_NAMES)) {
          0 -> _name = NullableStringAdapter.fromJson(reader, customScalarAdapters)
          1 -> _homeworld = Homeworld.obj().nullable().fromJson(reader, customScalarAdapters)
          else -> break
        }
      }

      return PilotFragmentImpl.Data(
        name = _name,
        homeworld = _homeworld
      )
    }

    override fun toJson(
      writer: JsonWriter,
      customScalarAdapters: CustomScalarAdapters,
      `value`: PilotFragmentImpl.Data,
    ) {
      writer.name("name")
      NullableStringAdapter.toJson(writer, customScalarAdapters, value.name)

      writer.name("homeworld")
      Homeworld.obj().nullable().toJson(writer, customScalarAdapters, value.homeworld)
    }

    private object Homeworld : Adapter<PilotFragmentImpl.Data.Homeworld> {
      public val RESPONSE_NAMES: List<String> = listOf("__typename", "name")

      override fun fromJson(reader: JsonReader, customScalarAdapters: CustomScalarAdapters): PilotFragmentImpl.Data.Homeworld {
        var __typename: String? = null
        var _name: String? = null

        while (true) {
          when (reader.selectName(RESPONSE_NAMES)) {
            0 -> __typename = StringAdapter.fromJson(reader, customScalarAdapters)
            1 -> _name = NullableStringAdapter.fromJson(reader, customScalarAdapters)
            else -> break
          }
        }

        return PilotFragmentImpl.Data.Homeworld(
          __typename = __typename ?: missingField(reader, "__typename"),
          name = _name
        )
      }

      override fun toJson(
        writer: JsonWriter,
        customScalarAdapters: CustomScalarAdapters,
        `value`: PilotFragmentImpl.Data.Homeworld,
      ) {
        writer.name("__typename")
        StringAdapter.toJson(writer, customScalarAdapters, value.__typename)

        writer.name("name")
        NullableStringAdapter.toJson(writer, customScalarAdapters, value.name)
      }
    }
  }
}
