//
// AUTO-GENERATED FILE. DO NOT MODIFY.
//
// This class was automatically generated by Apollo GraphQL version '$VERSION'.
//
package com.example.reserved_keywords.selections

import com.apollographql.apollo.api.CompiledArgument
import com.apollographql.apollo.api.CompiledField
import com.apollographql.apollo.api.CompiledFragment
import com.apollographql.apollo.api.CompiledSelection
import com.apollographql.apollo.api.list
import com.apollographql.apollo.api.notNull
import com.example.reserved_keywords.type.Character
import com.example.reserved_keywords.type.GraphQLID
import com.example.reserved_keywords.type.GraphQLString
import com.example.reserved_keywords.type.Query
import com.example.reserved_keywords.type.SearchResult
import kotlin.collections.List

public object TestQuerySelections {
  private val __hero: List<CompiledSelection> = listOf(
        CompiledField.Builder(
          name = "id",
          type = GraphQLID.type.notNull()
        ).alias("while")
        .build(),
        CompiledField.Builder(
          name = "name",
          type = GraphQLString.type.notNull()
        ).alias("it")
        .build()
      )

  private val __onCharacter: List<CompiledSelection> = listOf(
        CompiledField.Builder(
          name = "name",
          type = GraphQLString.type.notNull()
        ).build()
      )

  private val __search: List<CompiledSelection> = listOf(
        CompiledField.Builder(
          name = "__typename",
          type = GraphQLString.type.notNull()
        ).build(),
        CompiledFragment.Builder(
          typeCondition = "Character",
          possibleTypes = listOf("Droid", "Human")
        ).selections(__onCharacter)
        .build()
      )

  public val __root: List<CompiledSelection> = listOf(
        CompiledField.Builder(
          name = "hero",
          type = Character.type
        ).alias("yield")
        .selections(__hero)
        .build(),
        CompiledField.Builder(
          name = "search",
          type = SearchResult.type.list()
        ).alias("objects")
        .arguments(listOf(
          CompiledArgument.Builder(Query.__search_text).value("abc").build()
        ))
        .selections(__search)
        .build()
      )
}
