//
// AUTO-GENERATED FILE. DO NOT MODIFY.
//
// This class was automatically generated by Apollo GraphQL version '$VERSION'.
//
package com.example.target_name.type

import com.apollographql.apollo.api.Optional
import kotlin.String

public data class RenamedInput(
  public val `field`: Optional<String?> = Optional.Absent,
)
