//
// AUTO-GENERATED FILE. DO NOT MODIFY.
//
// This class was automatically generated by Apollo GraphQL version '$VERSION'.
//
package com.example.root_query_inline_fragment.adapter

import com.apollographql.apollo3.api.Adapter
import com.apollographql.apollo3.api.CustomScalarAdapters
import com.apollographql.apollo3.api.NullableDoubleAdapter
import com.apollographql.apollo3.api.NullableStringAdapter
import com.apollographql.apollo3.api.StringAdapter
import com.apollographql.apollo3.api.json.JsonReader
import com.apollographql.apollo3.api.json.JsonWriter
import com.apollographql.apollo3.api.json.readTypename
import com.apollographql.apollo3.api.list
import com.apollographql.apollo3.api.nullable
import com.apollographql.apollo3.api.obj
import com.example.root_query_inline_fragment.TestQuery
import com.example.root_query_inline_fragment.type.Episode
import com.example.root_query_inline_fragment.type.adapter.Episode_ResponseAdapter
import kotlin.Double
import kotlin.String
import kotlin.Unit
import kotlin.collections.List

public object TestQuery_ResponseAdapter {
  public object Data : Adapter<TestQuery.Data> {
    public val RESPONSE_NAMES: List<String> = listOf("__typename", "hero", "droid")

    public override fun fromJson(reader: JsonReader, customScalarAdapters: CustomScalarAdapters):
        TestQuery.Data {
      var __typename: String? = null
      var hero: TestQuery.Data.Hero? = null
      var droid: TestQuery.Data.Droid? = null

      while(true) {
        when (reader.selectName(RESPONSE_NAMES)) {
          0 -> __typename = StringAdapter.fromJson(reader, customScalarAdapters)
          1 -> hero = Hero.obj().nullable().fromJson(reader, customScalarAdapters)
          2 -> droid = Droid.obj().nullable().fromJson(reader, customScalarAdapters)
          else -> break
        }
      }

      return TestQuery.Data(
        __typename = __typename!!,
        hero = hero,
        droid = droid
      )
    }

    public override fun toJson(
      writer: JsonWriter,
      customScalarAdapters: CustomScalarAdapters,
      `value`: TestQuery.Data
    ): Unit {
      writer.name("__typename")
      StringAdapter.toJson(writer, customScalarAdapters, value.__typename)

      writer.name("hero")
      Hero.obj().nullable().toJson(writer, customScalarAdapters, value.hero)

      writer.name("droid")
      Droid.obj().nullable().toJson(writer, customScalarAdapters, value.droid)
    }

    private object Hero : Adapter<TestQuery.Data.Hero> {
      public override fun fromJson(reader: JsonReader, customScalarAdapters: CustomScalarAdapters):
          TestQuery.Data.Hero {
        val __typename = reader.readTypename()
        return when(__typename) {
          "Human",
          -> HumanHero.fromJson(reader, customScalarAdapters, __typename)
          else
          -> OtherHero.fromJson(reader, customScalarAdapters, __typename)
        }
      }

      public override fun toJson(
        writer: JsonWriter,
        customScalarAdapters: CustomScalarAdapters,
        `value`: TestQuery.Data.Hero
      ): Unit {
        when(value) {
          is TestQuery.Data.HumanHero -> HumanHero.toJson(writer, customScalarAdapters, value)
          is TestQuery.Data.OtherHero -> OtherHero.toJson(writer, customScalarAdapters, value)
        }
      }
    }

    public object HumanHero {
      public val RESPONSE_NAMES: List<String> = listOf("__typename", "name", "appearsIn", "height")

      public fun fromJson(
        reader: JsonReader,
        customScalarAdapters: CustomScalarAdapters,
        typename: String
      ): TestQuery.Data.HumanHero {
        var __typename: String? = typename
        var name: String? = null
        var appearsIn: List<Episode?>? = null
        var height: Double? = null

        while(true) {
          when (reader.selectName(RESPONSE_NAMES)) {
            0 -> __typename = StringAdapter.fromJson(reader, customScalarAdapters)
            1 -> name = StringAdapter.fromJson(reader, customScalarAdapters)
            2 -> appearsIn = Episode_ResponseAdapter.nullable().list().fromJson(reader,
                customScalarAdapters)
            3 -> height = NullableDoubleAdapter.fromJson(reader, customScalarAdapters)
            else -> break
          }
        }

        return TestQuery.Data.HumanHero(
          __typename = __typename!!,
          name = name!!,
          appearsIn = appearsIn!!,
          height = height
        )
      }

      public fun toJson(
        writer: JsonWriter,
        customScalarAdapters: CustomScalarAdapters,
        `value`: TestQuery.Data.HumanHero
      ): Unit {
        writer.name("__typename")
        StringAdapter.toJson(writer, customScalarAdapters, value.__typename)

        writer.name("name")
        StringAdapter.toJson(writer, customScalarAdapters, value.name)

        writer.name("appearsIn")
        Episode_ResponseAdapter.nullable().list().toJson(writer, customScalarAdapters,
            value.appearsIn)

        writer.name("height")
        NullableDoubleAdapter.toJson(writer, customScalarAdapters, value.height)
      }
    }

    public object OtherHero {
      public val RESPONSE_NAMES: List<String> = listOf("__typename", "name", "appearsIn")

      public fun fromJson(
        reader: JsonReader,
        customScalarAdapters: CustomScalarAdapters,
        typename: String
      ): TestQuery.Data.OtherHero {
        var __typename: String? = typename
        var name: String? = null
        var appearsIn: List<Episode?>? = null

        while(true) {
          when (reader.selectName(RESPONSE_NAMES)) {
            0 -> __typename = StringAdapter.fromJson(reader, customScalarAdapters)
            1 -> name = StringAdapter.fromJson(reader, customScalarAdapters)
            2 -> appearsIn = Episode_ResponseAdapter.nullable().list().fromJson(reader,
                customScalarAdapters)
            else -> break
          }
        }

        return TestQuery.Data.OtherHero(
          __typename = __typename!!,
          name = name!!,
          appearsIn = appearsIn!!
        )
      }

      public fun toJson(
        writer: JsonWriter,
        customScalarAdapters: CustomScalarAdapters,
        `value`: TestQuery.Data.OtherHero
      ): Unit {
        writer.name("__typename")
        StringAdapter.toJson(writer, customScalarAdapters, value.__typename)

        writer.name("name")
        StringAdapter.toJson(writer, customScalarAdapters, value.name)

        writer.name("appearsIn")
        Episode_ResponseAdapter.nullable().list().toJson(writer, customScalarAdapters,
            value.appearsIn)
      }
    }

    private object Droid : Adapter<TestQuery.Data.Droid> {
      public val RESPONSE_NAMES: List<String> = listOf("__typename", "name", "primaryFunction")

      public override fun fromJson(reader: JsonReader, customScalarAdapters: CustomScalarAdapters):
          TestQuery.Data.Droid {
        var __typename: String? = null
        var name: String? = null
        var primaryFunction: String? = null

        while(true) {
          when (reader.selectName(RESPONSE_NAMES)) {
            0 -> __typename = StringAdapter.fromJson(reader, customScalarAdapters)
            1 -> name = StringAdapter.fromJson(reader, customScalarAdapters)
            2 -> primaryFunction = NullableStringAdapter.fromJson(reader, customScalarAdapters)
            else -> break
          }
        }

        return TestQuery.Data.Droid(
          __typename = __typename!!,
          name = name!!,
          primaryFunction = primaryFunction
        )
      }

      public override fun toJson(
        writer: JsonWriter,
        customScalarAdapters: CustomScalarAdapters,
        `value`: TestQuery.Data.Droid
      ): Unit {
        writer.name("__typename")
        StringAdapter.toJson(writer, customScalarAdapters, value.__typename)

        writer.name("name")
        StringAdapter.toJson(writer, customScalarAdapters, value.name)

        writer.name("primaryFunction")
        NullableStringAdapter.toJson(writer, customScalarAdapters, value.primaryFunction)
      }
    }
  }
}
