//
// AUTO-GENERATED FILE. DO NOT MODIFY.
//
// This class was automatically generated by Apollo GraphQL version '$VERSION'.
//
package com.example.named_fragment_with_variables.selections

import com.apollographql.apollo3.api.CompiledField
import com.apollographql.apollo3.api.CompiledFragment
import com.apollographql.apollo3.api.CompiledSelection
import com.apollographql.apollo3.api.CompiledStringType
import com.apollographql.apollo3.api.notNull
import com.example.named_fragment_with_variables.fragment.selections.QueryFragmentSelections
import kotlin.collections.List

public object GetUserSelections {
  public val root: List<CompiledSelection> = listOf(
        CompiledField.builder(
          name = "__typename",
          type = CompiledStringType.notNull()
        ).build(),
        CompiledFragment.builder(
          possibleTypes = (listOf("Query"))
        ).selections(QueryFragmentSelections.root)
        .build()
      )
}
