{
    "typeToFieldsToArguments": {
        "Character": {
        },
        "hero_type": {
        },
        "String": {
        },
        "FriendsConnection": {
        },
        "Int": {
        },
        "FriendsEdge": {
        },
        "Query": {
        }
    }
}