//
// AUTO-GENERATED FILE. DO NOT MODIFY.
//
// This class was automatically generated by Apollo GraphQL version '$VERSION'.
//
package com.example.root_query_fragment_with_nested_fragments

import com.apollographql.apollo.annotations.ApolloAdaptableWith
import com.apollographql.apollo.api.Adapter
import com.apollographql.apollo.api.CompiledField
import com.apollographql.apollo.api.CustomScalarAdapters
import com.apollographql.apollo.api.Query
import com.apollographql.apollo.api.json.JsonWriter
import com.apollographql.apollo.api.obj
import com.example.root_query_fragment_with_nested_fragments.adapter.TestQuery_ResponseAdapter
import com.example.root_query_fragment_with_nested_fragments.fragment.DroidFragment
import com.example.root_query_fragment_with_nested_fragments.fragment.HeroFragment
import com.example.root_query_fragment_with_nested_fragments.fragment.QueryFragment
import com.example.root_query_fragment_with_nested_fragments.selections.TestQuerySelections
import kotlin.Any
import kotlin.Boolean
import kotlin.Int
import kotlin.String
import kotlin.Suppress
import com.example.root_query_fragment_with_nested_fragments.type.Query as CompiledQuery

public class TestQuery() : Query<TestQuery.Data> {
  override fun equals(other: Any?): Boolean = other != null && other::class == this::class

  override fun hashCode(): Int = this::class.hashCode()

  override fun id(): String = OPERATION_ID

  override fun document(): String = OPERATION_DOCUMENT

  override fun name(): String = OPERATION_NAME

  override fun serializeVariables(
    writer: JsonWriter,
    customScalarAdapters: CustomScalarAdapters,
    withDefaultValues: Boolean,
  ) {
    // This operation doesn't have any variable
  }

  override fun adapter(): Adapter<Data> = TestQuery_ResponseAdapter.Data.obj()

  override fun rootField(): CompiledField = CompiledField.Builder(
    name = "data",
    type = CompiledQuery.type
  )
  .selections(selections = TestQuerySelections.__root)
  .build()

  @ApolloAdaptableWith(TestQuery_ResponseAdapter.Data::class)
  public data class Data(
    override val __typename: String,
    override val hero: Hero?,
    override val droid: Droid?,
    override val human: Human?,
  ) : QueryFragment,
      Query.Data {
    public data class Hero(
      override val __typename: String,
      /**
       * The name of the character
       */
      override val name: String,
    ) : HeroFragment,
        QueryFragment.Hero {
      public companion object {
        @Suppress("USELESS_CAST")
        public fun Hero.heroFragment(): HeroFragment? = this as? HeroFragment
      }
    }

    public data class Droid(
      override val __typename: String,
      /**
       * What others call this droid
       */
      override val name: String,
      /**
       * This droid's primary function
       */
      override val primaryFunction: String?,
    ) : DroidFragment,
        QueryFragment.Droid {
      public companion object {
        @Suppress("USELESS_CAST")
        public fun Droid.droidFragment(): DroidFragment? = this as? DroidFragment
      }
    }

    public data class Human(
      override val __typename: String,
      /**
       * What this human calls themselves
       */
      override val name: String,
      /**
       * The home planet of the human, or null if unknown
       */
      override val homePlanet: String?,
    ) : QueryFragment.Human

    public companion object {
      @Suppress("USELESS_CAST")
      public fun Data.queryFragment(): QueryFragment? = this as? QueryFragment
    }
  }

  public companion object {
    public const val OPERATION_ID: String =
        "28a70b2a9a393b236756d92edea600a8d90d3e5cfb24cdfeda92fec1b5778794"

    /**
     * The minimized GraphQL document being sent to the server to save a few bytes.
     * The un-minimized version is:
     *
     * ```
     * query TestQuery {
     *   __typename
     *   ...QueryFragment
     * }
     *
     * fragment heroFragment on Character {
     *   name
     * }
     *
     * fragment droidFragment on Droid {
     *   name
     *   primaryFunction
     * }
     *
     * fragment QueryFragment on Query {
     *   __typename
     *   hero {
     *     __typename
     *     ...heroFragment
     *   }
     *   droid(id: 1) {
     *     __typename
     *     ...droidFragment
     *   }
     *   human(id: 1) {
     *     __typename
     *     ... on Human {
     *       name
     *       homePlanet
     *     }
     *   }
     * }
     * ```
     */
    public val OPERATION_DOCUMENT: String
      get() = "query TestQuery { __typename ...QueryFragment }  fragment heroFragment on Character { name }  fragment droidFragment on Droid { name primaryFunction }  fragment QueryFragment on Query { __typename hero { __typename ...heroFragment } droid(id: 1) { __typename ...droidFragment } human(id: 1) { __typename ... on Human { name homePlanet } } }"

    public const val OPERATION_NAME: String = "TestQuery"
  }
}
