//
// AUTO-GENERATED FILE. DO NOT MODIFY.
//
// This class was automatically generated by Apollo GraphQL version '$VERSION'.
//
package com.example.named_fragment_inside_inline_fragment.fragment.selections

import com.apollographql.apollo3.api.CompiledField
import com.apollographql.apollo3.api.CompiledSelection
import com.apollographql.apollo3.api.list
import com.apollographql.apollo3.api.notNull
import com.example.named_fragment_inside_inline_fragment.type.Types.Episode
import kotlin.collections.List

public object characterAppearsInSelections {
  public val root: List<CompiledSelection> = listOf(
        CompiledField(
          name = "appearsIn",
          type = Episode.list().notNull()
        )
      )
}
