//
// AUTO-GENERATED FILE. DO NOT MODIFY.
//
// This class was automatically generated by Apollo GraphQL version '$VERSION'.
//
package com.example.__schema.type;

import com.apollographql.apollo3.api.ObjectType;
import java.util.Collections;

public class __Type {
  public static ObjectType type = new ObjectType("__Type", Collections.emptyList(), Collections.emptyList());
}
