//
// AUTO-GENERATED FILE. DO NOT MODIFY.
//
// This class was automatically generated by Apollo GraphQL version '$VERSION'.
//
package com.example.hero_with_review.selections

import com.apollographql.apollo.api.CompiledArgument
import com.apollographql.apollo.api.CompiledField
import com.apollographql.apollo.api.CompiledSelection
import com.apollographql.apollo.api.CompiledVariable
import com.apollographql.apollo.api.notNull
import com.example.hero_with_review.type.GraphQLInt
import com.example.hero_with_review.type.GraphQLString
import com.example.hero_with_review.type.Mutation
import com.example.hero_with_review.type.Review
import kotlin.collections.List

public object TestQuerySelections {
  private val __createReview: List<CompiledSelection> = listOf(
        CompiledField.Builder(
          name = "stars",
          type = GraphQLInt.type.notNull()
        ).build(),
        CompiledField.Builder(
          name = "commentary",
          type = GraphQLString.type
        ).build()
      )

  public val __root: List<CompiledSelection> = listOf(
        CompiledField.Builder(
          name = "createReview",
          type = Review.type
        ).arguments(listOf(
          CompiledArgument.Builder(Mutation.__createReview_episode).value(CompiledVariable("ep")).build(),
          CompiledArgument.Builder(Mutation.__createReview_review).value(mapOf(
            "stars" to 5,
            "nullableIntFieldWithDefaultValue" to 10,
            "favoriteColor" to mapOf(
              "red" to 1,
              "green" to 0,
              "blue" to 1,
              "enumWithDefaultValue" to "new"
            ),
            "enumWithDefaultValue" to "JEDI",
            "nonNullableEnumWithDefaultValue" to "JEDI",
            "listOfCustomScalar" to listOf(
              "1984-06-21",
              "1984-11-21"
            ),
            "customScalar" to "1984-06-21",
            "listOfEnums" to listOf(
              "JEDI",
              "EMPIRE",
              "NEWHOPE"
            ),
            "listOfInt" to listOf(
              1,
              2,
              3
            ),
            "listOfString" to listOf(
              "test1",
              "test2",
              "test3"
            ),
            "listOfStringNonOptional" to listOf(
              "1",
              "2",
              "3"
            ),
            "listOfInputTypes" to emptyList<Nothing>(),
            "booleanWithDefaultValue" to true
          )).build()
        ))
        .selections(__createReview)
        .build()
      )
}
