//
// AUTO-GENERATED FILE. DO NOT MODIFY.
//
// This class was automatically generated by Apollo GraphQL version '$VERSION'.
//
package com.example.mutation_create_review_semantic_naming.type

import com.apollographql.apollo.api.Optional

/**
 * Circle ref to review input
 */
public data class ReviewRefInput(
  public val reviewInput: Optional<ReviewInput?> = Optional.Absent,
)
