//
// AUTO-GENERATED FILE. DO NOT MODIFY.
//
// This class was automatically generated by Apollo GraphQL version '$VERSION'.
//
package com.example.simple_union.selections

import com.apollographql.apollo3.api.CompiledField
import com.apollographql.apollo3.api.CompiledFragment
import com.apollographql.apollo3.api.CompiledSelection
import com.apollographql.apollo3.api.notNull
import com.example.simple_union.fragment.selections.CatFragmentSelections
import com.example.simple_union.fragment.selections.DogFragmentSelections
import com.example.simple_union.type.Animal
import com.example.simple_union.type.GraphQLString
import kotlin.collections.List

public object AnimalQuerySelections {
  private val animal: List<CompiledSelection> = listOf(
        CompiledField.Builder(
          name = "__typename",
          type = GraphQLString.type.notNull()
        ).build(),
        CompiledFragment.Builder(
          typeCondition = "Cat",
          possibleTypes = (listOf("Cat"))
        ).selections(CatFragmentSelections.root)
        .build(),
        CompiledFragment.Builder(
          typeCondition = "Dog",
          possibleTypes = (listOf("Dog"))
        ).selections(DogFragmentSelections.root)
        .build()
      )

  public val root: List<CompiledSelection> = listOf(
        CompiledField.Builder(
          name = "animal",
          type = Animal.type
        ).selections(animal)
        .build()
      )
}
