//
// AUTO-GENERATED FILE. DO NOT MODIFY.
//
// This class was automatically generated by Apollo GraphQL version '$VERSION'.
//
package com.example.fragment_spread_with_include_directive.fragment.selections

import com.apollographql.apollo.api.CompiledField
import com.apollographql.apollo.api.CompiledSelection
import com.example.fragment_spread_with_include_directive.type.GraphQLString
import kotlin.collections.List

public object HumanDetailsSelections {
  public val __root: List<CompiledSelection> = listOf(
        CompiledField.Builder(
          name = "homePlanet",
          type = GraphQLString.type
        ).build()
      )
}
